Archive member included to satisfy reference by file (symbol)

src/LED/libledd.a(led.c.obj)  src/CMakeFiles/stm32f407.dir/main.c.obj (LED_Init)
src/UART/libuartd.a(uart.c.obj)
                              src/CMakeFiles/stm32f407.dir/main.c.obj (UART_Init)
lib/libstandard_libd.a(stm32f4xx_gpio.c.obj)
                              src/LED/libledd.a(led.c.obj) (GPIO_Init)
lib/libstandard_libd.a(stm32f4xx_rcc.c.obj)
                              src/LED/libledd.a(led.c.obj) (RCC_AHB1PeriphClockCmd)
lib/libstandard_libd.a(stm32f4xx_usart.c.obj)
                              src/UART/libuartd.a(uart.c.obj) (USART_Init)
lib/libstandard_libd.a(misc.c.obj)
                              src/UART/libuartd.a(uart.c.obj) (NVIC_Init)
startup/libstartupd.a(startup_stm32.c.obj)
                              (Reset_Handler)
../lib/threadx/libthreadx.a(tx_thread_schedule.S.obj)
                              src/CMakeFiles/stm32f407.dir/tx_initialize_low_level.S.obj (__tx_PendSVHandler)
../lib/threadx/libthreadx.a(tx_timer_interrupt.S.obj)
                              src/CMakeFiles/stm32f407.dir/tx_initialize_low_level.S.obj (_tx_timer_interrupt)
../lib/threadx/libthreadx.a(tx_initialize_high_level.c.obj)
                              src/CMakeFiles/stm32f407.dir/tx_initialize_low_level.S.obj (_tx_initialize_unused_memory)
../lib/threadx/libthreadx.a(tx_initialize_kernel_enter.c.obj)
                              src/CMakeFiles/stm32f407.dir/main.c.obj (_tx_initialize_kernel_enter)
../lib/threadx/libthreadx.a(tx_thread_initialize.c.obj)
                              src/CMakeFiles/stm32f407.dir/tx_initialize_low_level.S.obj (_tx_thread_system_stack_ptr)
../lib/threadx/libthreadx.a(tx_thread_sleep.c.obj)
                              src/CMakeFiles/stm32f407.dir/main.c.obj (_tx_thread_sleep)
../lib/threadx/libthreadx.a(tx_thread_system_suspend.c.obj)
                              ../lib/threadx/libthreadx.a(tx_thread_sleep.c.obj) (_tx_thread_system_suspend)
../lib/threadx/libthreadx.a(tx_thread_time_slice.c.obj)
                              ../lib/threadx/libthreadx.a(tx_timer_interrupt.S.obj) (_tx_thread_time_slice)
../lib/threadx/libthreadx.a(tx_timer_expiration_process.c.obj)
                              ../lib/threadx/libthreadx.a(tx_timer_interrupt.S.obj) (_tx_timer_expiration_process)
../lib/threadx/libthreadx.a(tx_timer_initialize.c.obj)
                              ../lib/threadx/libthreadx.a(tx_timer_interrupt.S.obj) (_tx_timer_system_clock)
../lib/threadx/libthreadx.a(tx_timer_system_activate.c.obj)
                              ../lib/threadx/libthreadx.a(tx_thread_system_suspend.c.obj) (_tx_timer_system_activate)
../lib/threadx/libthreadx.a(tx_timer_thread_entry.c.obj)
                              ../lib/threadx/libthreadx.a(tx_timer_initialize.c.obj) (_tx_timer_thread_entry)
../lib/threadx/libthreadx.a(txe_block_release.c.obj)
                              src/CMakeFiles/stm32f407.dir/main.c.obj (_txe_block_release)
../lib/threadx/libthreadx.a(txe_byte_allocate.c.obj)
                              src/CMakeFiles/stm32f407.dir/main.c.obj (_txe_byte_allocate)
../lib/threadx/libthreadx.a(txe_byte_pool_create.c.obj)
                              src/CMakeFiles/stm32f407.dir/main.c.obj (_txe_byte_pool_create)
../lib/threadx/libthreadx.a(txe_thread_create.c.obj)
                              src/CMakeFiles/stm32f407.dir/main.c.obj (_txe_thread_create)
../lib/threadx/libthreadx.a(tx_block_release.c.obj)
                              ../lib/threadx/libthreadx.a(txe_block_release.c.obj) (_tx_block_release)
../lib/threadx/libthreadx.a(tx_byte_allocate.c.obj)
                              ../lib/threadx/libthreadx.a(txe_byte_allocate.c.obj) (_tx_byte_allocate)
../lib/threadx/libthreadx.a(tx_byte_pool_cleanup.c.obj)
                              ../lib/threadx/libthreadx.a(tx_byte_allocate.c.obj) (_tx_byte_pool_cleanup)
../lib/threadx/libthreadx.a(tx_byte_pool_create.c.obj)
                              ../lib/threadx/libthreadx.a(txe_byte_pool_create.c.obj) (_tx_byte_pool_create)
../lib/threadx/libthreadx.a(tx_byte_pool_search.c.obj)
                              ../lib/threadx/libthreadx.a(tx_byte_allocate.c.obj) (_tx_byte_pool_search)
../lib/threadx/libthreadx.a(tx_thread_create.c.obj)
                              ../lib/threadx/libthreadx.a(tx_timer_initialize.c.obj) (_tx_thread_create)
../lib/threadx/libthreadx.a(tx_thread_shell_entry.c.obj)
                              ../lib/threadx/libthreadx.a(tx_thread_create.c.obj) (_tx_thread_shell_entry)
../lib/threadx/libthreadx.a(tx_thread_system_preempt_check.c.obj)
                              ../lib/threadx/libthreadx.a(txe_byte_pool_create.c.obj) (_tx_thread_system_preempt_check)
../lib/threadx/libthreadx.a(tx_thread_system_resume.c.obj)
                              ../lib/threadx/libthreadx.a(tx_timer_expiration_process.c.obj) (_tx_thread_system_resume)
../lib/threadx/libthreadx.a(tx_thread_timeout.c.obj)
[...]
Memory Configuration

Name             Origin             Length             Attributes
FLASH            0x08000000         0x00100000         xr
RAM              0x20000000         0x00018000         xrw
*default*        0x00000000         0xffffffff

Linker script and memory map

LOAD c:/progra~2/gnuarm~1/102021~1.07/bin/../lib/gcc/arm-none-eabi/10.3.1/thumb/v7e-m/nofp/crti.o
LOAD c:/progra~2/gnuarm~1/102021~1.07/bin/../lib/gcc/arm-none-eabi/10.3.1/thumb/v7e-m/nofp/crtbegin.o
LOAD c:/progra~2/gnuarm~1/102021~1.07/bin/../lib/gcc/arm-none-eabi/10.3.1/../../../../arm-none-eabi/lib/thumb/v7e-m/nofp/crt0.o
LOAD c:/progra~2/gnuarm~1/102021~1.07/bin/../lib/gcc/arm-none-eabi/10.3.1/../../../../arm-none-eabi/lib/thumb/v7e-m/nofp\libm.a
LOAD src/CMakeFiles/stm32f407.dir/main.c.obj
LOAD src/CMakeFiles/stm32f407.dir/syscalls.c.obj
LOAD src/CMakeFiles/stm32f407.dir/system_stm32f4xx.c.obj
LOAD src/CMakeFiles/stm32f407.dir/tx_initialize_low_level.S.obj
LOAD src/LED/libledd.a
LOAD src/UART/libuartd.a
LOAD lib/libstandard_libd.a
LOAD startup/libstartupd.a
LOAD ../lib/threadx/libthreadx.a
LOAD ../lib/filex/libfilex.a
START GROUP
LOAD c:/progra~2/gnuarm~1/102021~1.07/bin/../lib/gcc/arm-none-eabi/10.3.1/thumb/v7e-m/nofp\libgcc.a
LOAD c:/progra~2/gnuarm~1/102021~1.07/bin/../lib/gcc/arm-none-eabi/10.3.1/../../../../arm-none-eabi/lib/thumb/v7e-m/nofp\libg.a
LOAD c:/progra~2/gnuarm~1/102021~1.07/bin/../lib/gcc/arm-none-eabi/10.3.1/../../../../arm-none-eabi/lib/thumb/v7e-m/nofp\libc.a
END GROUP
START GROUP
LOAD c:/progra~2/gnuarm~1/102021~1.07/bin/../lib/gcc/arm-none-eabi/10.3.1/thumb/v7e-m/nofp\libgcc.a
LOAD c:/progra~2/gnuarm~1/102021~1.07/bin/../lib/gcc/arm-none-eabi/10.3.1/../../../../arm-none-eabi/lib/thumb/v7e-m/nofp\libc.a
LOAD c:/progra~2/gnuarm~1/102021~1.07/bin/../lib/gcc/arm-none-eabi/10.3.1/../../../../arm-none-eabi/lib/thumb/v7e-m/nofp\libnosys.a
END GROUP
LOAD c:/progra~2/gnuarm~1/102021~1.07/bin/../lib/gcc/arm-none-eabi/10.3.1/thumb/v7e-m/nofp/crtend.o
LOAD c:/progra~2/gnuarm~1/102021~1.07/bin/../lib/gcc/arm-none-eabi/10.3.1/thumb/v7e-m/nofp/crtn.o
                0x08000000                __ROM_BASE = 0x8000000
                0x00100000                __ROM_SIZE = 0x100000
                0x20000000                __RAM_BASE = 0x20000000
                0x00018000                __RAM_SIZE = 0x18000
                0x0000a000                __STACK_SIZE = 0xa000
                0x00001400                __HEAP_SIZE = 0x1400

.text           0x08000000     0x9b9c
 *(.vectors)
 .vectors       0x08000000      0x188 startup/libstartupd.a(startup_stm32.c.obj)
                0x08000000                __Vectors
 *(.text*)
 .text          0x08000188       0x40 c:/progra~2/gnuarm~1/102021~1.07/bin/../lib/gcc/arm-none-eabi/10.3.1/thumb/v7e-m/nofp/crtbegin.o
 .text          0x080001c8       0x7c c:/progra~2/gnuarm~1/102021~1.07/bin/../lib/gcc/arm-none-eabi/10.3.1/../../../../arm-none-eabi/lib/thumb/v7e-m/nofp/crt0.o
                0x080001c8                _stack_init
                0x080001d0                _start
                0x080001d0                _mainCRTStartup
 .text.thread_1_entry
                0x08000244       0x2c src/CMakeFiles/stm32f407.dir/main.c.obj
                0x08000244                thread_1_entry
 .text.thread_0_entry
                0x08000270       0x3c src/CMakeFiles/stm32f407.dir/main.c.obj
                0x08000270                thread_0_entry
 .text.main     0x080002ac       0x20 src/CMakeFiles/stm32f407.dir/main.c.obj
                0x080002ac                main
 .text.tx_application_define
                0x080002cc       0xc0 src/CMakeFiles/stm32f407.dir/main.c.obj
                0x080002cc                tx_application_define
 .text.__io_putchar
                0x0800038c       0x28 src/CMakeFiles/stm32f407.dir/syscalls.c.obj
                0x0800038c                __io_putchar
 .text._getpid  0x080003b4        0x4 src/CMakeFiles/stm32f407.dir/syscalls.c.obj
                0x080003b4                _getpid
 .text._kill    0x080003b8       0x14 src/CMakeFiles/stm32f407.dir/syscalls.c.obj
                0x080003b8                _kill
 .text._exit    0x080003cc       0x10 src/CMakeFiles/stm32f407.dir/syscalls.c.obj
                0x080003cc                _exit
 .text._read    0x080003dc       0x24 src/CMakeFiles/stm32f407.dir/syscalls.c.obj
                0x080003dc                _read
 .text._write   0x08000400       0x20 src/CMakeFiles/stm32f407.dir/syscalls.c.obj
                0x08000400                _write
 .text._sbrk    0x08000420       0x40 src/CMakeFiles/stm32f407.dir/syscalls.c.obj
                0x08000420                _sbrk
 .text._close   0x08000460        0x6 src/CMakeFiles/stm32f407.dir/syscalls.c.obj
                0x08000460                _close
 .text._fstat   0x08000466        0xa src/CMakeFiles/stm32f407.dir/syscalls.c.obj
                0x08000466                _fstat
 .text._isatty  0x08000470        0x4 src/CMakeFiles/stm32f407.dir/syscalls.c.obj
                0x08000470                _isatty
 .text._lseek   0x08000474        0x4 src/CMakeFiles/stm32f407.dir/syscalls.c.obj
                0x08000474                _lseek
 .text.SetSysClock
                0x08000478       0xc4 src/CMakeFiles/stm32f407.dir/system_stm32f4xx.c.obj
 .text.SystemInit
                0x0800053c       0x48 src/CMakeFiles/stm32f407.dir/system_stm32f4xx.c.obj
                0x0800053c                SystemInit
 *fill*         0x08000584        0xc 
 .text          0x08000590       0x90 src/CMakeFiles/stm32f407.dir/tx_initialize_low_level.S.obj
                0x08000590                _tx_initialize_low_level
                0x080005e0                __tx_BadHandler
                0x080005e4                __tx_HardfaultHandler
                0x080005e8                __tx_SVCallHandler
                0x080005ec                __tx_IntHandler
                0x080005f4                __tx_SysTickHandler
                0x080005f4                SysTick_Handler
                0x08000600                __tx_NMIHandler
                0x08000604                __tx_DBGHandler
 .text.LED_Init
                0x08000620       0x4c src/LED/libledd.a(led.c.obj)
                0x08000620                LED_Init
 .text.UART_Init
                0x0800066c       0xbc src/UART/libuartd.a(uart.c.obj)
                0x0800066c                UART_Init
 .text.GPIO_Init
                0x08000728       0xa6 lib/libstandard_libd.a(stm32f4xx_gpio.c.obj)
                0x08000728                GPIO_Init
 .text.GPIO_SetBits
                0x080007ce        0x4 lib/libstandard_libd.a(stm32f4xx_gpio.c.obj)
                0x080007ce                GPIO_SetBits
 .text.GPIO_ToggleBits
                0x080007d2        0x8 lib/libstandard_libd.a(stm32f4xx_gpio.c.obj)
                0x080007d2                GPIO_ToggleBits
 .text.GPIO_PinAFConfig
                0x080007da       0x34 lib/libstandard_libd.a(stm32f4xx_gpio.c.obj)
                0x080007da                GPIO_PinAFConfig
 *fill*         0x0800080e        0x2 
 .text.RCC_GetClocksFreq
                0x08000810       0xb4 lib/libstandard_libd.a(stm32f4xx_rcc.c.obj)
                0x08000810                RCC_GetClocksFreq
 .text.RCC_AHB1PeriphClockCmd
                0x080008c4       0x1c lib/libstandard_libd.a(stm32f4xx_rcc.c.obj)
                0x080008c4                RCC_AHB1PeriphClockCmd
 .text.RCC_APB2PeriphClockCmd
                0x080008e0       0x1c lib/libstandard_libd.a(stm32f4xx_rcc.c.obj)
                0x080008e0                RCC_APB2PeriphClockCmd
 .text.USART_Init
                0x080008fc       0xd0 lib/libstandard_libd.a(stm32f4xx_usart.c.obj)
                0x080008fc                USART_Init
 .text.USART_Cmd
                0x080009cc       0x1c lib/libstandard_libd.a(stm32f4xx_usart.c.obj)
                0x080009cc                USART_Cmd
 .text.USART_SendData
                0x080009e8        0x8 lib/libstandard_libd.a(stm32f4xx_usart.c.obj)
                0x080009e8                USART_SendData
 .text.USART_GetFlagStatus
                0x080009f0        0xe lib/libstandard_libd.a(stm32f4xx_usart.c.obj)
                0x080009f0                USART_GetFlagStatus
 *fill*         0x080009fe        0x2 
 .text.NVIC_Init
                0x08000a00       0x64 lib/libstandard_libd.a(misc.c.obj)
                0x08000a00                NVIC_Init
 .text.HardFault_Handler
                0x08000a64        0x2 startup/libstartupd.a(startup_stm32.c.obj)
                0x08000a64                HardFault_Handler
 .text.Default_Handler
                0x08000a66        0x2 startup/libstartupd.a(startup_stm32.c.obj)
                0x08000a66                RTC_WKUP_Handler
                0x08000a66                FLASH_Handler
                0x08000a66                RNG_Handler
                0x08000a66                DebugMon_Handler
                0x08000a66                DFSDM1_FLT3_Handler
                0x08000a66                USART3_Handler
                0x08000a66                DMA2_CH4_Handler
                0x08000a66                NMI_Handler
                0x08000a66                SAI1_Handler
                0x08000a66                TIM6_DAC_Handler
                0x08000a66                CAN1_RX1_Handler
                0x08000a66                EXTI15_10_Handler
                0x08000a66                DMA2_CH2_Handler
                0x08000a66                I2C1_EV_Handler
                0x08000a66                ADC1_2_Handler
                0x08000a66                COMP_Handler
                0x08000a66                I2C3_ER_Handler
                0x08000a66                WWDG_Handler
                0x08000a66                EXTI4_Handler
                0x08000a66                I2C3_EV_Handler
                0x08000a66                DMA1_CH5_Handler
                0x08000a66                DFSDM1_FLT0_Handler
                0x08000a66                OTG_FS_Handler
                0x08000a66                I2C1_ER_Handler
                0x08000a66                UsageFault_Handler
                0x08000a66                CAN1_RX0_Handler
                0x08000a66                TIM1_CC_Handler
                0x08000a66                I2C2_ER_Handler
                0x08000a66                TIM8_CC_Handler
                0x08000a66                QUADSPI_Handler
                0x08000a66                SAI2_Handler
                0x08000a66                CAN1_SCE_Handler
                0x08000a66                TIM8_BRK_Handler
                0x08000a66                DMA2_CH6_Handler
                0x08000a66                DMA2_CH7_Handler
                0x08000a66                TIM1_BRK_Handler
                0x08000a66                DMA1_CH6_Handler
                0x08000a66                DMA1_CH4_Handler
                0x08000a66                EXTI1_Handler
                0x08000a66                TSC_Handler
                0x08000a66                FMC_Handler
                0x08000a66                TIM8_TRG_COM_Handler
                0x08000a66                EXTI3_Handler
                0x08000a66                EXTI2_Handler
                0x08000a66                RTC_TAMP_STAMP_Handler
                0x08000a66                UART4_Handler
                0x08000a66                EXTI9_5_Handler
                0x08000a66                TIM2_Handler
                0x08000a66                DMA1_CH1_Handler
                0x08000a66                USART1_Handler
                0x08000a66                TIM3_Handler
                0x08000a66                Default_Handler
                0x08000a66                LPUART1_Handler
                0x08000a66                DMA1_CH2_Handler
                0x08000a66                TIM4_Handler
                0x08000a66                SWPMI1_Handler
                0x08000a66                SPI2_Handler
                0x08000a66                SDMMC1_Handler
                0x08000a66                MemManage_Handler
                0x08000a66                EXTI0_Handler
                0x08000a66                SVC_Handler
                0x08000a66                DMA2_CH1_Handler
                0x08000a66                TIM1_UP_Handler
                0x08000a66                LPTIM2_Handler
                0x08000a66                TIM8_UP_Handler
                0x08000a66                LPTIM1_Handler
                0x08000a66                USART2_Handler
                0x08000a66                SPI1_Handler
                0x08000a66                DMA1_CH3_Handler
                0x08000a66                ADC3_Handler
                0x08000a66                I2C2_EV_Handler
                0x08000a66                SPI3_Handler
                0x08000a66                RCC_Handler
                0x08000a66                UART5_Handler
                0x08000a66                DFSDM1_FLT1_Handler
                0x08000a66                TIM5_Handler
                0x08000a66                TIM7_Handler
                0x08000a66                DMA2_CH5_Handler
                0x08000a66                CAN1_TX_Handler
                0x08000a66                FPU_Handler
                0x08000a66                DFSDM1_FLT2_Handler
                0x08000a66                BusFault_Handler
                0x08000a66                PVD_PVM_Handler
                0x08000a66                DMA1_CH7_Handler
                0x08000a66                DMA2_CH3_Handler
                0x08000a66                TIM1_TRG_COM_Handler
                0x08000a66                RTC_ALARM_Handler
 .text.Reset_Handler
                0x08000a68       0x68 startup/libstartupd.a(startup_stm32.c.obj)
                0x08000a68                Reset_Handler
 .text          0x08000ad0       0xa0 ../lib/threadx/libthreadx.a(tx_thread_schedule.S.obj)
                0x08000ad0                _tx_thread_schedule
                0x08000af0                __tx_PendSVHandler
                0x08000af0                PendSV_Handler
 .text          0x08000b70       0xb8 ../lib/threadx/libthreadx.a(tx_timer_interrupt.S.obj)
                0x08000b70                _tx_timer_interrupt
 .text._tx_initialize_high_level
                0x08000c28       0x90 ../lib/threadx/libthreadx.a(tx_initialize_high_level.c.obj)
                0x08000c28                _tx_initialize_high_level
 .text._tx_initialize_kernel_enter
                0x08000cb8       0x64 ../lib/threadx/libthreadx.a(tx_initialize_kernel_enter.c.obj)
                0x08000cb8                _tx_initialize_kernel_enter
 .text._tx_thread_initialize
                0x08000d1c       0x84 ../lib/threadx/libthreadx.a(tx_thread_initialize.c.obj)
                0x08000d1c                _tx_thread_initialize
 .text._tx_thread_sleep
                0x08000da0      0x104 ../lib/threadx/libthreadx.a(tx_thread_sleep.c.obj)
                0x08000da0                _tx_thread_sleep
 .text._tx_thread_system_suspend
                0x08000ea4      0x324 ../lib/threadx/libthreadx.a(tx_thread_system_suspend.c.obj)
                0x08000ea4                _tx_thread_system_suspend
 .text._tx_thread_time_slice
                0x080011c8       0xa0 ../lib/threadx/libthreadx.a(tx_thread_time_slice.c.obj)
                0x080011c8                _tx_thread_time_slice
 .text._tx_timer_expiration_process
                0x08001268       0x48 ../lib/threadx/libthreadx.a(tx_timer_expiration_process.c.obj)
                0x08001268                _tx_timer_expiration_process
 .text._tx_timer_initialize
                0x080012b0      0x100 ../lib/threadx/libthreadx.a(tx_timer_initialize.c.obj)
                0x080012b0                _tx_timer_initialize
 .text._tx_timer_system_activate
                0x080013b0       0xc0 ../lib/threadx/libthreadx.a(tx_timer_system_activate.c.obj)
                0x080013b0                _tx_timer_system_activate
 .text._tx_timer_thread_entry
                0x08001470      0x204 ../lib/threadx/libthreadx.a(tx_timer_thread_entry.c.obj)
                0x08001470                _tx_timer_thread_entry
 .text._txe_block_release
                0x08001674       0x64 ../lib/threadx/libthreadx.a(txe_block_release.c.obj)
                0x08001674                _txe_block_release
 .text._txe_byte_allocate
                0x080016d8       0xec ../lib/threadx/libthreadx.a(txe_byte_allocate.c.obj)
                0x080016d8                _txe_byte_allocate
 .text._txe_byte_pool_create
                0x080017c4      0x148 ../lib/threadx/libthreadx.a(txe_byte_pool_create.c.obj)
                0x080017c4                _txe_byte_pool_create
 .text._txe_thread_create
                0x0800190c      0x1ec ../lib/threadx/libthreadx.a(txe_thread_create.c.obj)
                0x0800190c                _txe_thread_create
 .text._tx_block_release
                0x08001af8       0xe8 ../lib/threadx/libthreadx.a(tx_block_release.c.obj)
                0x08001af8                _tx_block_release
 .text._tx_byte_allocate
                0x08001be0      0x194 ../lib/threadx/libthreadx.a(tx_byte_allocate.c.obj)
                0x08001be0                _tx_byte_allocate
 .text._tx_byte_pool_cleanup
                0x08001d74       0xfc ../lib/threadx/libthreadx.a(tx_byte_pool_cleanup.c.obj)
                0x08001d74                _tx_byte_pool_cleanup
 .text._tx_byte_pool_create
                0x08001e70      0x130 ../lib/threadx/libthreadx.a(tx_byte_pool_create.c.obj)
                0x08001e70                _tx_byte_pool_create
 .text._tx_byte_pool_search
                0x08001fa0      0x218 ../lib/threadx/libthreadx.a(tx_byte_pool_search.c.obj)
                0x08001fa0                _tx_byte_pool_search
 .text._tx_thread_create
                0x080021b8      0x1e4 ../lib/threadx/libthreadx.a(tx_thread_create.c.obj)
                0x080021b8                _tx_thread_create
 .text._tx_thread_shell_entry
                0x0800239c       0xc8 ../lib/threadx/libthreadx.a(tx_thread_shell_entry.c.obj)
                0x0800239c                _tx_thread_shell_entry
 .text._tx_thread_system_preempt_check
                0x08002464       0x70 ../lib/threadx/libthreadx.a(tx_thread_system_preempt_check.c.obj)
                0x08002464                _tx_thread_system_preempt_check
 .text._tx_thread_system_resume
                0x080024d4      0x22c ../lib/threadx/libthreadx.a(tx_thread_system_resume.c.obj)
                0x080024d4                _tx_thread_system_resume
 .text._tx_thread_timeout
                0x08002700       0x7c ../lib/threadx/libthreadx.a(tx_thread_timeout.c.obj)
                0x08002700                _tx_thread_timeout
 .text._tx_timer_system_deactivate
                0x0800277c       0x6c ../lib/threadx/libthreadx.a(tx_timer_system_deactivate.c.obj)
                0x0800277c                _tx_timer_system_deactivate
 *fill*         0x080027e8        0x8 
 .text          0x080027f0       0x40 ../lib/threadx/libthreadx.a(tx_thread_stack_build.S.obj)
                0x080027f0                _tx_thread_stack_build
 .text.__errno  0x08002830        0xc c:/progra~2/gnuarm~1/102021~1.07/bin/../lib/gcc/arm-none-eabi/10.3.1/../../../../arm-none-eabi/lib/thumb/v7e-m/nofp\libg.a(lib_a-errno.o)
                0x08002830                __errno
 .text.exit     0x0800283c       0x20 c:/progra~2/gnuarm~1/102021~1.07/bin/../lib/gcc/arm-none-eabi/10.3.1/../../../../arm-none-eabi/lib/thumb/v7e-m/nofp\libg.a(lib_a-exit.o)
                0x0800283c                exit
 .text.__libc_init_array
                0x0800285c       0x48 c:/progra~2/gnuarm~1/102021~1.07/bin/../lib/gcc/arm-none-eabi/10.3.1/../../../../arm-none-eabi/lib/thumb/v7e-m/nofp\libg.a(lib_a-init.o)
                0x0800285c                __libc_init_array
 .text.memset   0x080028a4       0xa4 c:/progra~2/gnuarm~1/102021~1.07/bin/../lib/gcc/arm-none-eabi/10.3.1/../../../../arm-none-eabi/lib/thumb/v7e-m/nofp\libg.a(lib_a-memset.o)
                0x080028a4                memset
 .text.printf   0x08002948       0x28 c:/progra~2/gnuarm~1/102021~1.07/bin/../lib/gcc/arm-none-eabi/10.3.1/../../../../arm-none-eabi/lib/thumb/v7e-m/nofp\libg.a(lib_a-printf.o)
                0x08002948                printf
 .text._vfprintf_r
                0x08002970     0x1ad4 c:/progra~2/gnuarm~1/102021~1.07/bin/../lib/gcc/arm-none-eabi/10.3.1/../../../../arm-none-eabi/lib/thumb/v7e-m/nofp\libg.a(lib_a-vfprintf.o)
                0x08002970                _vfprintf_r
 .text.__sbprintf
                0x08004444       0x80 c:/progra~2/gnuarm~1/102021~1.07/bin/../lib/gcc/arm-none-eabi/10.3.1/../../../../arm-none-eabi/lib/thumb/v7e-m/nofp\libg.a(lib_a-vfprintf.o)
 .text.__swsetup_r
                0x080044c4       0xd4 c:/progra~2/gnuarm~1/102021~1.07/bin/../lib/gcc/arm-none-eabi/10.3.1/../../../../arm-none-eabi/lib/thumb/v7e-m/nofp\libg.a(lib_a-wsetup.o)
                0x080044c4                __swsetup_r
 .text.startup.register_fini
                0x08004598       0x14 c:/progra~2/gnuarm~1/102021~1.07/bin/../lib/gcc/arm-none-eabi/10.3.1/../../../../arm-none-eabi/lib/thumb/v7e-m/nofp\libg.a(lib_a-__call_atexit.o)
 .text.__call_exitprocs
                0x080045ac       0xc4 c:/progra~2/gnuarm~1/102021~1.07/bin/../lib/gcc/arm-none-eabi/10.3.1/../../../../arm-none-eabi/lib/thumb/v7e-m/nofp\libg.a(lib_a-__call_atexit.o)
                0x080045ac                __call_exitprocs
 .text.atexit   0x08004670        0xc c:/progra~2/gnuarm~1/102021~1.07/bin/../lib/gcc/arm-none-eabi/10.3.1/../../../../arm-none-eabi/lib/thumb/v7e-m/nofp\libg.a(lib_a-atexit.o)
                0x08004670                atexit
 .text.quorem   0x0800467c      0x124 c:/progra~2/gnuarm~1/102021~1.07/bin/../lib/gcc/arm-none-eabi/10.3.1/../../../../arm-none-eabi/lib/thumb/v7e-m/nofp\libg.a(lib_a-dtoa.o)
 .text._dtoa_r  0x080047a0      0xec4 c:/progra~2/gnuarm~1/102021~1.07/bin/../lib/gcc/arm-none-eabi/10.3.1/../../../../arm-none-eabi/lib/thumb/v7e-m/nofp\libg.a(lib_a-dtoa.o)
                0x080047a0                _dtoa_r
 .text.__sflush_r
                0x08005664      0x120 c:/progra~2/gnuarm~1/102021~1.07/bin/../lib/gcc/arm-none-eabi/10.3.1/../../../../arm-none-eabi/lib/thumb/v7e-m/nofp\libg.a(lib_a-fflush.o)
                0x08005664                __sflush_r
 .text._fflush_r
                0x08005784       0x5c c:/progra~2/gnuarm~1/102021~1.07/bin/../lib/gcc/arm-none-eabi/10.3.1/../../../../arm-none-eabi/lib/thumb/v7e-m/nofp\libg.a(lib_a-fflush.o)
                0x08005784                _fflush_r
 .text._cleanup_r
                0x080057e0        0xc c:/progra~2/gnuarm~1/102021~1.07/bin/../lib/gcc/arm-none-eabi/10.3.1/../../../../arm-none-eabi/lib/thumb/v7e-m/nofp\libg.a(lib_a-findfp.o)
                0x080057e0                _cleanup_r
 .text.__sinit  0x080057ec      0x10c c:/progra~2/gnuarm~1/102021~1.07/bin/../lib/gcc/arm-none-eabi/10.3.1/../../../../arm-none-eabi/lib/thumb/v7e-m/nofp\libg.a(lib_a-findfp.o)
                0x080057ec                __sinit
 .text.__sfp_lock_acquire
                0x080058f8        0xc c:/progra~2/gnuarm~1/102021~1.07/bin/../lib/gcc/arm-none-eabi/10.3.1/../../../../arm-none-eabi/lib/thumb/v7e-m/nofp\libg.a(lib_a-findfp.o)
                0x080058f8                __sfp_lock_acquire
 .text.__sfp_lock_release
                0x08005904        0xc c:/progra~2/gnuarm~1/102021~1.07/bin/../lib/gcc/arm-none-eabi/10.3.1/../../../../arm-none-eabi/lib/thumb/v7e-m/nofp\libg.a(lib_a-findfp.o)
                0x08005904                __sfp_lock_release
 .text.__libc_fini_array
                0x08005910       0x2c c:/progra~2/gnuarm~1/102021~1.07/bin/../lib/gcc/arm-none-eabi/10.3.1/../../../../arm-none-eabi/lib/thumb/v7e-m/nofp\libg.a(lib_a-fini.o)
                0x08005910                __libc_fini_array
 .text._malloc_trim_r
                0x0800593c       0xa0 c:/progra~2/gnuarm~1/102021~1.07/bin/../lib/gcc/arm-none-eabi/10.3.1/../../../../arm-none-eabi/lib/thumb/v7e-m/nofp\libg.a(lib_a-freer.o)
                0x0800593c                _malloc_trim_r
 .text._free_r  0x080059dc      0x20c c:/progra~2/gnuarm~1/102021~1.07/bin/../lib/gcc/arm-none-eabi/10.3.1/../../../../arm-none-eabi/lib/thumb/v7e-m/nofp\libg.a(lib_a-freer.o)
                0x080059dc                _free_r
 .text._fwalk_reent
                0x08005be8       0x48 c:/progra~2/gnuarm~1/102021~1.07/bin/../lib/gcc/arm-none-eabi/10.3.1/../../../../arm-none-eabi/lib/thumb/v7e-m/nofp\libg.a(lib_a-fwalk.o)
                0x08005be8                _fwalk_reent
 .text._localeconv_r
                0x08005c30        0x8 c:/progra~2/gnuarm~1/102021~1.07/bin/../lib/gcc/arm-none-eabi/10.3.1/../../../../arm-none-eabi/lib/thumb/v7e-m/nofp\libg.a(lib_a-localeconv.o)
                0x08005c30                _localeconv_r
 .text.__retarget_lock_init_recursive
                0x08005c38        0x4 c:/progra~2/gnuarm~1/102021~1.07/bin/../lib/gcc/arm-none-eabi/10.3.1/../../../../arm-none-eabi/lib/thumb/v7e-m/nofp\libg.a(lib_a-lock.o)
                0x08005c38                __retarget_lock_init_recursive
 .text.__retarget_lock_close_recursive
                0x08005c3c        0x4 c:/progra~2/gnuarm~1/102021~1.07/bin/../lib/gcc/arm-none-eabi/10.3.1/../../../../arm-none-eabi/lib/thumb/v7e-m/nofp\libg.a(lib_a-lock.o)
                0x08005c3c                __retarget_lock_close_recursive
 .text.__retarget_lock_acquire_recursive
                0x08005c40        0x4 c:/progra~2/gnuarm~1/102021~1.07/bin/../lib/gcc/arm-none-eabi/10.3.1/../../../../arm-none-eabi/lib/thumb/v7e-m/nofp\libg.a(lib_a-lock.o)
                0x08005c40                __retarget_lock_acquire_recursive
 .text.__retarget_lock_release_recursive
                0x08005c44        0x4 c:/progra~2/gnuarm~1/102021~1.07/bin/../lib/gcc/arm-none-eabi/10.3.1/../../../../arm-none-eabi/lib/thumb/v7e-m/nofp\libg.a(lib_a-lock.o)
                0x08005c44                __retarget_lock_release_recursive
 .text.__smakebuf_r
                0x08005c48       0xe0 c:/progra~2/gnuarm~1/102021~1.07/bin/../lib/gcc/arm-none-eabi/10.3.1/../../../../arm-none-eabi/lib/thumb/v7e-m/nofp\libg.a(lib_a-makebuf.o)
                0x08005c48                __smakebuf_r
 .text._malloc_r
                0x08005d28      0x560 c:/progra~2/gnuarm~1/102021~1.07/bin/../lib/gcc/arm-none-eabi/10.3.1/../../../../arm-none-eabi/lib/thumb/v7e-m/nofp\libg.a(lib_a-mallocr.o)
                0x08005d28                _malloc_r
 *fill*         0x08006288        0x8 
 .text          0x08006290       0xa0 c:/progra~2/gnuarm~1/102021~1.07/bin/../lib/gcc/arm-none-eabi/10.3.1/../../../../arm-none-eabi/lib/thumb/v7e-m/nofp\libg.a(lib_a-memchr.o)
                0x08006290                memchr
 .text          0x08006330      0x134 c:/progra~2/gnuarm~1/102021~1.07/bin/../lib/gcc/arm-none-eabi/10.3.1/../../../../arm-none-eabi/lib/thumb/v7e-m/nofp\libg.a(lib_a-memcpy.o)
                0x08006330                memcpy
 .text.__malloc_lock
                0x08006464        0xc c:/progra~2/gnuarm~1/102021~1.07/bin/../lib/gcc/arm-none-eabi/10.3.1/../../../../arm-none-eabi/lib/thumb/v7e-m/nofp\libg.a(lib_a-mlock.o)
                0x08006464                __malloc_lock
 .text.__malloc_unlock
                0x08006470        0xc c:/progra~2/gnuarm~1/102021~1.07/bin/../lib/gcc/arm-none-eabi/10.3.1/../../../../arm-none-eabi/lib/thumb/v7e-m/nofp\libg.a(lib_a-mlock.o)
                0x08006470                __malloc_unlock
 .text._Balloc  0x0800647c       0x4c c:/progra~2/gnuarm~1/102021~1.07/bin/../lib/gcc/arm-none-eabi/10.3.1/../../../../arm-none-eabi/lib/thumb/v7e-m/nofp\libg.a(lib_a-mprec.o)
                0x0800647c                _Balloc
 .text._Bfree   0x080064c8       0x14 c:/progra~2/gnuarm~1/102021~1.07/bin/../lib/gcc/arm-none-eabi/10.3.1/../../../../arm-none-eabi/lib/thumb/v7e-m/nofp\libg.a(lib_a-mprec.o)
                0x080064c8                _Bfree
 .text.__multadd
                0x080064dc       0xa0 c:/progra~2/gnuarm~1/102021~1.07/bin/../lib/gcc/arm-none-eabi/10.3.1/../../../../arm-none-eabi/lib/thumb/v7e-m/nofp\libg.a(lib_a-mprec.o)
                0x080064dc                __multadd
 .text.__hi0bits
                0x0800657c       0x40 c:/progra~2/gnuarm~1/102021~1.07/bin/../lib/gcc/arm-none-eabi/10.3.1/../../../../arm-none-eabi/lib/thumb/v7e-m/nofp\libg.a(lib_a-mprec.o)
                0x0800657c                __hi0bits
 .text.__lo0bits
                0x080065bc       0x5c c:/progra~2/gnuarm~1/102021~1.07/bin/../lib/gcc/arm-none-eabi/10.3.1/../../../../arm-none-eabi/lib/thumb/v7e-m/nofp\libg.a(lib_a-mprec.o)
                0x080065bc                __lo0bits
 .text.__i2b    0x08006618       0x5c c:/progra~2/gnuarm~1/102021~1.07/bin/../lib/gcc/arm-none-eabi/10.3.1/../../../../arm-none-eabi/lib/thumb/v7e-m/nofp\libg.a(lib_a-mprec.o)
                0x08006618                __i2b
 .text.__multiply
                0x08006674      0x15c c:/progra~2/gnuarm~1/102021~1.07/bin/../lib/gcc/arm-none-eabi/10.3.1/../../../../arm-none-eabi/lib/thumb/v7e-m/nofp\libg.a(lib_a-mprec.o)
                0x08006674                __multiply
 .text.__pow5mult
                0x080067d0       0xc0 c:/progra~2/gnuarm~1/102021~1.07/bin/../lib/gcc/arm-none-eabi/10.3.1/../../../../arm-none-eabi/lib/thumb/v7e-m/nofp\libg.a(lib_a-mprec.o)
                0x080067d0                __pow5mult
 .text.__lshift
                0x08006890       0xf0 c:/progra~2/gnuarm~1/102021~1.07/bin/../lib/gcc/arm-none-eabi/10.3.1/../../../../arm-none-eabi/lib/thumb/v7e-m/nofp\libg.a(lib_a-mprec.o)
                0x08006890                __lshift
 .text.__mcmp   0x08006980       0x40 c:/progra~2/gnuarm~1/102021~1.07/bin/../lib/gcc/arm-none-eabi/10.3.1/../../../../arm-none-eabi/lib/thumb/v7e-m/nofp\libg.a(lib_a-mprec.o)
                0x08006980                __mcmp
 .text.__mdiff  0x080069c0      0x14c c:/progra~2/gnuarm~1/102021~1.07/bin/../lib/gcc/arm-none-eabi/10.3.1/../../../../arm-none-eabi/lib/thumb/v7e-m/nofp\libg.a(lib_a-mprec.o)
                0x080069c0                __mdiff
 .text.__d2b    0x08006b0c       0xc4 c:/progra~2/gnuarm~1/102021~1.07/bin/../lib/gcc/arm-none-eabi/10.3.1/../../../../arm-none-eabi/lib/thumb/v7e-m/nofp\libg.a(lib_a-mprec.o)
                0x08006b0c                __d2b
 .text.frexp    0x08006bd0       0x70 c:/progra~2/gnuarm~1/102021~1.07/bin/../lib/gcc/arm-none-eabi/10.3.1/../../../../arm-none-eabi/lib/thumb/v7e-m/nofp\libg.a(lib_a-s_frexp.o)
                0x08006bd0                frexp
 .text._sbrk_r  0x08006c40       0x24 c:/progra~2/gnuarm~1/102021~1.07/bin/../lib/gcc/arm-none-eabi/10.3.1/../../../../arm-none-eabi/lib/thumb/v7e-m/nofp\libg.a(lib_a-sbrkr.o)
                0x08006c40                _sbrk_r
 .text.__sread  0x08006c64       0x24 c:/progra~2/gnuarm~1/102021~1.07/bin/../lib/gcc/arm-none-eabi/10.3.1/../../../../arm-none-eabi/lib/thumb/v7e-m/nofp\libg.a(lib_a-stdio.o)
                0x08006c64                __sread
 .text.__swrite
                0x08006c88       0x40 c:/progra~2/gnuarm~1/102021~1.07/bin/../lib/gcc/arm-none-eabi/10.3.1/../../../../arm-none-eabi/lib/thumb/v7e-m/nofp\libg.a(lib_a-stdio.o)
                0x08006c88                __swrite
 .text.__sseek  0x08006cc8       0x20 c:/progra~2/gnuarm~1/102021~1.07/bin/../lib/gcc/arm-none-eabi/10.3.1/../../../../arm-none-eabi/lib/thumb/v7e-m/nofp\libg.a(lib_a-stdio.o)
                0x08006cc8                __sseek
 .text.__sclose
                0x08006ce8        0x8 c:/progra~2/gnuarm~1/102021~1.07/bin/../lib/gcc/arm-none-eabi/10.3.1/../../../../arm-none-eabi/lib/thumb/v7e-m/nofp\libg.a(lib_a-stdio.o)
                0x08006ce8                __sclose
 *fill*         0x08006cf0       0x10 
 .text          0x08006d00       0xdc c:/progra~2/gnuarm~1/102021~1.07/bin/../lib/gcc/arm-none-eabi/10.3.1/../../../../arm-none-eabi/lib/thumb/v7e-m/nofp\libg.a(lib_a-strlen.o)
                0x08006d00                strlen
 .text.strncpy  0x08006ddc       0x64 c:/progra~2/gnuarm~1/102021~1.07/bin/../lib/gcc/arm-none-eabi/10.3.1/../../../../arm-none-eabi/lib/thumb/v7e-m/nofp\libg.a(lib_a-strncpy.o)
                0x08006ddc                strncpy
 .text.__sprint_r.part.0
                0x08006e40       0x78 c:/progra~2/gnuarm~1/102021~1.07/bin/../lib/gcc/arm-none-eabi/10.3.1/../../../../arm-none-eabi/lib/thumb/v7e-m/nofp\libg.a(lib_a-vfiprintf.o)
 .text.__sprint_r
                0x08006eb8       0x14 c:/progra~2/gnuarm~1/102021~1.07/bin/../lib/gcc/arm-none-eabi/10.3.1/../../../../arm-none-eabi/lib/thumb/v7e-m/nofp\libg.a(lib_a-vfiprintf.o)
                0x08006eb8                __sprint_r
 .text._vfiprintf_r
                0x08006ecc      0xda0 c:/progra~2/gnuarm~1/102021~1.07/bin/../lib/gcc/arm-none-eabi/10.3.1/../../../../arm-none-eabi/lib/thumb/v7e-m/nofp\libg.a(lib_a-vfiprintf.o)
                0x08006ecc                _vfiprintf_r
 .text.__sbprintf
                0x08007c6c       0x80 c:/progra~2/gnuarm~1/102021~1.07/bin/../lib/gcc/arm-none-eabi/10.3.1/../../../../arm-none-eabi/lib/thumb/v7e-m/nofp\libg.a(lib_a-vfiprintf.o)
 .text._write_r
                0x08007cec       0x2c c:/progra~2/gnuarm~1/102021~1.07/bin/../lib/gcc/arm-none-eabi/10.3.1/../../../../arm-none-eabi/lib/thumb/v7e-m/nofp\libg.a(lib_a-writer.o)
                0x08007cec                _write_r
 .text.__register_exitproc
                0x08007d18       0x8c c:/progra~2/gnuarm~1/102021~1.07/bin/../lib/gcc/arm-none-eabi/10.3.1/../../../../arm-none-eabi/lib/thumb/v7e-m/nofp\libg.a(lib_a-__atexit.o)
                0x08007d18                __register_exitproc
 .text.__assert_func
                0x08007da4       0x40 c:/progra~2/gnuarm~1/102021~1.07/bin/../lib/gcc/arm-none-eabi/10.3.1/../../../../arm-none-eabi/lib/thumb/v7e-m/nofp\libg.a(lib_a-assert.o)
                0x08007da4                __assert_func
 .text._calloc_r
                0x08007de4       0x78 c:/progra~2/gnuarm~1/102021~1.07/bin/../lib/gcc/arm-none-eabi/10.3.1/../../../../arm-none-eabi/lib/thumb/v7e-m/nofp\libg.a(lib_a-callocr.o)
                0x08007de4                _calloc_r
 .text._close_r
                0x08007e5c       0x24 c:/progra~2/gnuarm~1/102021~1.07/bin/../lib/gcc/arm-none-eabi/10.3.1/../../../../arm-none-eabi/lib/thumb/v7e-m/nofp\libg.a(lib_a-closer.o)
                0x08007e5c                _close_r
 .text._fclose_r
                0x08007e80       0xcc c:/progra~2/gnuarm~1/102021~1.07/bin/../lib/gcc/arm-none-eabi/10.3.1/../../../../arm-none-eabi/lib/thumb/v7e-m/nofp\libg.a(lib_a-fclose.o)
                0x08007e80                _fclose_r
 .text.fiprintf
                0x08007f4c       0x28 c:/progra~2/gnuarm~1/102021~1.07/bin/../lib/gcc/arm-none-eabi/10.3.1/../../../../arm-none-eabi/lib/thumb/v7e-m/nofp\libg.a(lib_a-fiprintf.o)
                0x08007f4c                fiprintf
 .text.__fputwc
                0x08007f74       0xa8 c:/progra~2/gnuarm~1/102021~1.07/bin/../lib/gcc/arm-none-eabi/10.3.1/../../../../arm-none-eabi/lib/thumb/v7e-m/nofp\libg.a(lib_a-fputwc.o)
                0x08007f74                __fputwc
 .text._fputwc_r
                0x0800801c       0x68 c:/progra~2/gnuarm~1/102021~1.07/bin/../lib/gcc/arm-none-eabi/10.3.1/../../../../arm-none-eabi/lib/thumb/v7e-m/nofp\libg.a(lib_a-fputwc.o)
                0x0800801c                _fputwc_r
 .text._fstat_r
                0x08008084       0x2c c:/progra~2/gnuarm~1/102021~1.07/bin/../lib/gcc/arm-none-eabi/10.3.1/../../../../arm-none-eabi/lib/thumb/v7e-m/nofp\libg.a(lib_a-fstatr.o)
                0x08008084                _fstat_r
 .text.__sfvwrite_r
                0x080080b0      0x2e8 c:/progra~2/gnuarm~1/102021~1.07/bin/../lib/gcc/arm-none-eabi/10.3.1/../../../../arm-none-eabi/lib/thumb/v7e-m/nofp\libg.a(lib_a-fvwrite.o)
                0x080080b0                __sfvwrite_r
 .text._isatty_r
                0x08008398       0x24 c:/progra~2/gnuarm~1/102021~1.07/bin/../lib/gcc/arm-none-eabi/10.3.1/../../../../arm-none-eabi/lib/thumb/v7e-m/nofp\libg.a(lib_a-isattyr.o)
                0x08008398                _isatty_r
 .text.__locale_mb_cur_max
                0x080083bc        0xc c:/progra~2/gnuarm~1/102021~1.07/bin/../lib/gcc/arm-none-eabi/10.3.1/../../../../arm-none-eabi/lib/thumb/v7e-m/nofp\libg.a(lib_a-locale.o)
                0x080083bc                __locale_mb_cur_max
 .text._lseek_r
                0x080083c8       0x2c c:/progra~2/gnuarm~1/102021~1.07/bin/../lib/gcc/arm-none-eabi/10.3.1/../../../../arm-none-eabi/lib/thumb/v7e-m/nofp\libg.a(lib_a-lseekr.o)
                0x080083c8                _lseek_r
 .text.__ascii_mbtowc
                0x080083f4       0x2c c:/progra~2/gnuarm~1/102021~1.07/bin/../lib/gcc/arm-none-eabi/10.3.1/../../../../arm-none-eabi/lib/thumb/v7e-m/nofp\libg.a(lib_a-mbtowc_r.o)
                0x080083f4                __ascii_mbtowc
 .text.memmove  0x08008420       0xf8 c:/progra~2/gnuarm~1/102021~1.07/bin/../lib/gcc/arm-none-eabi/10.3.1/../../../../arm-none-eabi/lib/thumb/v7e-m/nofp\libg.a(lib_a-memmove.o)
                0x08008420                memmove
 .text._read_r  0x08008518       0x2c c:/progra~2/gnuarm~1/102021~1.07/bin/../lib/gcc/arm-none-eabi/10.3.1/../../../../arm-none-eabi/lib/thumb/v7e-m/nofp\libg.a(lib_a-readr.o)
                0x08008518                _read_r
 .text._realloc_r
                0x08008544      0x3d8 c:/progra~2/gnuarm~1/102021~1.07/bin/../lib/gcc/arm-none-eabi/10.3.1/../../../../arm-none-eabi/lib/thumb/v7e-m/nofp\libg.a(lib_a-reallocr.o)
                0x08008544                _realloc_r
 .text.__swbuf_r
                0x0800891c       0xb0 c:/progra~2/gnuarm~1/102021~1.07/bin/../lib/gcc/arm-none-eabi/10.3.1/../../../../arm-none-eabi/lib/thumb/v7e-m/nofp\libg.a(lib_a-wbuf.o)
                0x0800891c                __swbuf_r
 .text._wcrtomb_r
                0x080089cc       0x3c c:/progra~2/gnuarm~1/102021~1.07/bin/../lib/gcc/arm-none-eabi/10.3.1/../../../../arm-none-eabi/lib/thumb/v7e-m/nofp\libg.a(lib_a-wcrtomb.o)
                0x080089cc                _wcrtomb_r
 .text.__ascii_wctomb
                0x08008a08       0x1c c:/progra~2/gnuarm~1/102021~1.07/bin/../lib/gcc/arm-none-eabi/10.3.1/../../../../arm-none-eabi/lib/thumb/v7e-m/nofp\libg.a(lib_a-wctomb_r.o)
                0x08008a08                __ascii_wctomb
 .text.abort    0x08008a24       0x10 c:/progra~2/gnuarm~1/102021~1.07/bin/../lib/gcc/arm-none-eabi/10.3.1/../../../../arm-none-eabi/lib/thumb/v7e-m/nofp\libg.a(lib_a-abort.o)
                0x08008a24                abort
 .text.raise    0x08008a34       0x5c c:/progra~2/gnuarm~1/102021~1.07/bin/../lib/gcc/arm-none-eabi/10.3.1/../../../../arm-none-eabi/lib/thumb/v7e-m/nofp\libg.a(lib_a-signal.o)
                0x08008a34                raise
 .text._kill_r  0x08008a90       0x2c c:/progra~2/gnuarm~1/102021~1.07/bin/../lib/gcc/arm-none-eabi/10.3.1/../../../../arm-none-eabi/lib/thumb/v7e-m/nofp\libg.a(lib_a-signalr.o)
                0x08008a90                _kill_r
 .text._getpid_r
                0x08008abc        0x4 c:/progra~2/gnuarm~1/102021~1.07/bin/../lib/gcc/arm-none-eabi/10.3.1/../../../../arm-none-eabi/lib/thumb/v7e-m/nofp\libg.a(lib_a-signalr.o)
                0x08008abc                _getpid_r
 .text          0x08008ac0      0x378 c:/progra~2/gnuarm~1/102021~1.07/bin/../lib/gcc/arm-none-eabi/10.3.1/thumb/v7e-m/nofp\libgcc.a(_arm_addsubdf3.o)
                0x08008ac0                __aeabi_drsub
                0x08008ac8                __aeabi_dsub
                0x08008ac8                __subdf3
                0x08008acc                __aeabi_dadd
                0x08008acc                __adddf3
                0x08008d44                __floatunsidf
                0x08008d44                __aeabi_ui2d
                0x08008d64                __floatsidf
                0x08008d64                __aeabi_i2d
                0x08008d88                __aeabi_f2d
                0x08008d88                __extendsfdf2
                0x08008dcc                __floatundidf
                0x08008dcc                __aeabi_ul2d
                0x08008ddc                __floatdidf
                0x08008ddc                __aeabi_l2d
 .text          0x08008e38      0x424 c:/progra~2/gnuarm~1/102021~1.07/bin/../lib/gcc/arm-none-eabi/10.3.1/thumb/v7e-m/nofp\libgcc.a(_arm_muldivdf3.o)
                0x08008e38                __aeabi_dmul
                0x08008e38                __muldf3
                0x0800908c                __divdf3
                0x0800908c                __aeabi_ddiv
 .text          0x0800925c      0x110 c:/progra~2/gnuarm~1/102021~1.07/bin/../lib/gcc/arm-none-eabi/10.3.1/thumb/v7e-m/nofp\libgcc.a(_arm_cmpdf2.o)
                0x0800925c                __gtdf2
                0x0800925c                __gedf2
                0x08009264                __ltdf2
                0x08009264                __ledf2
                0x0800926c                __nedf2
                0x0800926c                __eqdf2
                0x0800926c                __cmpdf2
                0x080092e8                __aeabi_cdrcmple
                0x080092f8                __aeabi_cdcmpeq
                0x080092f8                __aeabi_cdcmple
                0x08009308                __aeabi_dcmpeq
                0x0800931c                __aeabi_dcmplt
                0x08009330                __aeabi_dcmple
                0x08009344                __aeabi_dcmpge
                0x08009358                __aeabi_dcmpgt
 .text          0x0800936c       0x2c c:/progra~2/gnuarm~1/102021~1.07/bin/../lib/gcc/arm-none-eabi/10.3.1/thumb/v7e-m/nofp\libgcc.a(_arm_unorddf2.o)
                0x0800936c                __unorddf2
                0x0800936c                __aeabi_dcmpun
 .text          0x08009398       0x50 c:/progra~2/gnuarm~1/102021~1.07/bin/../lib/gcc/arm-none-eabi/10.3.1/thumb/v7e-m/nofp\libgcc.a(_arm_fixdfsi.o)
                0x08009398                __aeabi_d2iz
                0x08009398                __fixdfsi
 .text          0x080093e8       0x30 c:/progra~2/gnuarm~1/102021~1.07/bin/../lib/gcc/arm-none-eabi/10.3.1/thumb/v7e-m/nofp\libgcc.a(_aeabi_uldivmod.o)
                0x080093e8                __aeabi_uldivmod
 .text          0x08009418      0x2d0 c:/progra~2/gnuarm~1/102021~1.07/bin/../lib/gcc/arm-none-eabi/10.3.1/thumb/v7e-m/nofp\libgcc.a(_udivmoddi4.o)
                0x08009418                __udivmoddi4
 .text          0x080096e8        0x4 c:/progra~2/gnuarm~1/102021~1.07/bin/../lib/gcc/arm-none-eabi/10.3.1/thumb/v7e-m/nofp\libgcc.a(_dvmd_tls.o)
                0x080096e8                __aeabi_idiv0
                0x080096e8                __aeabi_ldiv0
 *(.init)
 .init          0x080096ec        0x4 c:/progra~2/gnuarm~1/102021~1.07/bin/../lib/gcc/arm-none-eabi/10.3.1/thumb/v7e-m/nofp/crti.o
                0x080096ec                _init
 .init          0x080096f0        0x8 c:/progra~2/gnuarm~1/102021~1.07/bin/../lib/gcc/arm-none-eabi/10.3.1/thumb/v7e-m/nofp/crtn.o
 *(.fini)
 .fini          0x080096f8        0x4 c:/progra~2/gnuarm~1/102021~1.07/bin/../lib/gcc/arm-none-eabi/10.3.1/thumb/v7e-m/nofp/crti.o
                0x080096f8                _fini
 .fini          0x080096fc        0x8 c:/progra~2/gnuarm~1/102021~1.07/bin/../lib/gcc/arm-none-eabi/10.3.1/thumb/v7e-m/nofp/crtn.o
 *crtbegin.o(.ctors)
 *crtbegin?.o(.ctors)
 *(EXCLUDE_FILE(*crtend.o *crtend?.o) .ctors)
 *(SORT_BY_NAME(.ctors.*))
 *(.ctors)
 *crtbegin.o(.dtors)
 *crtbegin?.o(.dtors)
 *(EXCLUDE_FILE(*crtend.o *crtend?.o) .dtors)
 *(SORT_BY_NAME(.dtors.*))
 *(.dtors)
 *(.rodata*)
 .rodata.thread_1_entry.str1.4
                0x08009704        0xb src/CMakeFiles/stm32f407.dir/main.c.obj
 *fill*         0x0800970f        0x1 
 .rodata.thread_0_entry.str1.4
                0x08009710       0x4e src/CMakeFiles/stm32f407.dir/main.c.obj
 *fill*         0x0800975e        0x2 
 .rodata.tx_application_define.str1.4
                0x08009760       0x21 src/CMakeFiles/stm32f407.dir/main.c.obj
 *fill*         0x08009781        0x3 
 .rodata        0x08009784       0x14 ../lib/threadx/libthreadx.a(tx_timer_initialize.c.obj)
 .rodata._global_impure_ptr
                0x08009798        0x4 c:/progra~2/gnuarm~1/102021~1.07/bin/../lib/gcc/arm-none-eabi/10.3.1/../../../../arm-none-eabi/lib/thumb/v7e-m/nofp\libg.a(lib_a-impure.o)
                0x08009798                _global_impure_ptr
 .rodata._vfprintf_r.str1.4
                0x0800979c       0x42 c:/progra~2/gnuarm~1/102021~1.07/bin/../lib/gcc/arm-none-eabi/10.3.1/../../../../arm-none-eabi/lib/thumb/v7e-m/nofp\libg.a(lib_a-vfprintf.o)
 *fill*         0x080097de        0x2 
 .rodata.blanks.1
                0x080097e0       0x10 c:/progra~2/gnuarm~1/102021~1.07/bin/../lib/gcc/arm-none-eabi/10.3.1/../../../../arm-none-eabi/lib/thumb/v7e-m/nofp\libg.a(lib_a-vfprintf.o)
 .rodata.zeroes.0
                0x080097f0       0x10 c:/progra~2/gnuarm~1/102021~1.07/bin/../lib/gcc/arm-none-eabi/10.3.1/../../../../arm-none-eabi/lib/thumb/v7e-m/nofp\libg.a(lib_a-vfprintf.o)
 .rodata._dtoa_r.str1.4
                0x08009800       0xa2 c:/progra~2/gnuarm~1/102021~1.07/bin/../lib/gcc/arm-none-eabi/10.3.1/../../../../arm-none-eabi/lib/thumb/v7e-m/nofp\libg.a(lib_a-dtoa.o)
                                 0xa6 (size before relaxing)
 *fill*         0x080098a2        0x2 
 .rodata.__multadd.str1.4
                0x080098a4       0x7f c:/progra~2/gnuarm~1/102021~1.07/bin/../lib/gcc/arm-none-eabi/10.3.1/../../../../arm-none-eabi/lib/thumb/v7e-m/nofp\libg.a(lib_a-mprec.o)
                                 0x93 (size before relaxing)
 *fill*         0x08009923        0x5 
 .rodata.__mprec_bigtens
                0x08009928       0x28 c:/progra~2/gnuarm~1/102021~1.07/bin/../lib/gcc/arm-none-eabi/10.3.1/../../../../arm-none-eabi/lib/thumb/v7e-m/nofp\libg.a(lib_a-mprec.o)
                0x08009928                __mprec_bigtens
 .rodata.__mprec_tens
                0x08009950       0xc8 c:/progra~2/gnuarm~1/102021~1.07/bin/../lib/gcc/arm-none-eabi/10.3.1/../../../../arm-none-eabi/lib/thumb/v7e-m/nofp\libg.a(lib_a-mprec.o)
                0x08009950                __mprec_tens
 .rodata.p05.0  0x08009a18        0xc c:/progra~2/gnuarm~1/102021~1.07/bin/../lib/gcc/arm-none-eabi/10.3.1/../../../../arm-none-eabi/lib/thumb/v7e-m/nofp\libg.a(lib_a-mprec.o)
 .rodata._vfiprintf_r.str1.4
                0x08009a24       0x2f c:/progra~2/gnuarm~1/102021~1.07/bin/../lib/gcc/arm-none-eabi/10.3.1/../../../../arm-none-eabi/lib/thumb/v7e-m/nofp\libg.a(lib_a-vfiprintf.o)
 .rodata.blanks.1
                0x08009a24       0x10 c:/progra~2/gnuarm~1/102021~1.07/bin/../lib/gcc/arm-none-eabi/10.3.1/../../../../arm-none-eabi/lib/thumb/v7e-m/nofp\libg.a(lib_a-vfiprintf.o)
 .rodata.zeroes.0
                0x08009a34       0x10 c:/progra~2/gnuarm~1/102021~1.07/bin/../lib/gcc/arm-none-eabi/10.3.1/../../../../arm-none-eabi/lib/thumb/v7e-m/nofp\libg.a(lib_a-vfiprintf.o)
 .rodata.__assert_func.str1.4
                0x08009a44       0x3f c:/progra~2/gnuarm~1/102021~1.07/bin/../lib/gcc/arm-none-eabi/10.3.1/../../../../arm-none-eabi/lib/thumb/v7e-m/nofp\libg.a(lib_a-assert.o)
                                 0x43 (size before relaxing)
 *fill*         0x08009a83        0x1 
 .rodata._setlocale_r.str1.4
                0x08009a84        0xa c:/progra~2/gnuarm~1/102021~1.07/bin/../lib/gcc/arm-none-eabi/10.3.1/../../../../arm-none-eabi/lib/thumb/v7e-m/nofp\libg.a(lib_a-locale.o)
                                  0xd (size before relaxing)
 *fill*         0x08009a8e        0x2 
 .rodata.str1.4
                0x08009a90        0x2 c:/progra~2/gnuarm~1/102021~1.07/bin/../lib/gcc/arm-none-eabi/10.3.1/../../../../arm-none-eabi/lib/thumb/v7e-m/nofp\libg.a(lib_a-locale.o)
 *fill*         0x08009a92        0x2 
 .rodata._ctype_
                0x08009a94      0x101 c:/progra~2/gnuarm~1/102021~1.07/bin/../lib/gcc/arm-none-eabi/10.3.1/../../../../arm-none-eabi/lib/thumb/v7e-m/nofp\libg.a(lib_a-ctype_.o)
                0x08009a94                _ctype_
 *(.eh_frame*)
 *fill*         0x08009b95        0x3 
 .eh_frame      0x08009b98        0x0 c:/progra~2/gnuarm~1/102021~1.07/bin/../lib/gcc/arm-none-eabi/10.3.1/thumb/v7e-m/nofp/crtbegin.o
 .eh_frame      0x08009b98        0x4 c:/progra~2/gnuarm~1/102021~1.07/bin/../lib/gcc/arm-none-eabi/10.3.1/thumb/v7e-m/nofp/crtend.o

.glue_7         0x08009b9c        0x0
 .glue_7        0x08009b9c        0x0 linker stubs

.glue_7t        0x08009b9c        0x0
 .glue_7t       0x08009b9c        0x0 linker stubs

.vfp11_veneer   0x08009b9c        0x0
 .vfp11_veneer  0x08009b9c        0x0 linker stubs

.v4_bx          0x08009b9c        0x0
 .v4_bx         0x08009b9c        0x0 linker stubs

.iplt           0x08009b9c        0x0
 .iplt          0x08009b9c        0x0 c:/progra~2/gnuarm~1/102021~1.07/bin/../lib/gcc/arm-none-eabi/10.3.1/thumb/v7e-m/nofp/crtbegin.o

.ARM.extab
 *(.ARM.extab* .gnu.linkonce.armextab.*)
                0x08009b9c                __exidx_start = .

.ARM.exidx      0x08009b9c        0x8
 *(.ARM.exidx* .gnu.linkonce.armexidx.*)
 .ARM.exidx     0x08009b9c        0x8 c:/progra~2/gnuarm~1/102021~1.07/bin/../lib/gcc/arm-none-eabi/10.3.1/../../../../arm-none-eabi/lib/thumb/v7e-m/nofp/crt0.o
                                 0x10 (size before relaxing)
 .ARM.exidx     0x08009ba4        0x0 c:/progra~2/gnuarm~1/102021~1.07/bin/../lib/gcc/arm-none-eabi/10.3.1/thumb/v7e-m/nofp\libgcc.a(_udivmoddi4.o)
                                  0x8 (size before relaxing)
                0x08009ba4                __exidx_end = .

.rel.dyn        0x08009ba4        0x0
 .rel.iplt      0x08009ba4        0x0 c:/progra~2/gnuarm~1/102021~1.07/bin/../lib/gcc/arm-none-eabi/10.3.1/thumb/v7e-m/nofp/crtbegin.o

.copy.table     0x08009ba4        0xc
                0x08009ba4                . = ALIGN (0x4)
                0x08009ba4                __copy_table_start__ = .
                0x08009ba4        0x4 LONG 0x8009bb8 __etext
                0x08009ba8        0x4 LONG 0x20000000 __data_start__
                0x08009bac        0x4 LONG 0x273 ((__data_end__ - __data_start__) / 0x4)
                0x08009bb0                __copy_table_end__ = .

.zero.table     0x08009bb0        0x8
                0x08009bb0                . = ALIGN (0x4)
                0x08009bb0                __zero_table_start__ = .
                0x08009bb0        0x4 LONG 0x200009cc __bss_start__
                0x08009bb4        0x4 LONG 0x216 ((__bss_end__ - __bss_start__) / 0x4)
                0x08009bb8                __zero_table_end__ = .
                0x08009bb8                __etext = ALIGN (0x4)

.data           0x20000000      0x9cc load address 0x08009bb8
                0x20000000                __data_start__ = .
 *(vtable)
 *(.data)
 *(.data.*)
 .data.APBAHBPrescTable
                0x20000000       0x10 lib/libstandard_libd.a(stm32f4xx_rcc.c.obj)
 .data._tx_thread_system_state
                0x20000010        0x4 ../lib/threadx/libthreadx.a(tx_thread_initialize.c.obj)
                0x20000010                _tx_thread_system_state
 .data._impure_ptr
                0x20000014        0x4 c:/progra~2/gnuarm~1/102021~1.07/bin/../lib/gcc/arm-none-eabi/10.3.1/../../../../arm-none-eabi/lib/thumb/v7e-m/nofp\libg.a(lib_a-impure.o)
                0x20000014                _impure_ptr
 .data.impure_data
                0x20000018      0x428 c:/progra~2/gnuarm~1/102021~1.07/bin/../lib/gcc/arm-none-eabi/10.3.1/../../../../arm-none-eabi/lib/thumb/v7e-m/nofp\libg.a(lib_a-impure.o)
 .data.__atexit_recursive_mutex
                0x20000440        0x4 c:/progra~2/gnuarm~1/102021~1.07/bin/../lib/gcc/arm-none-eabi/10.3.1/../../../../arm-none-eabi/lib/thumb/v7e-m/nofp\libg.a(lib_a-__call_atexit.o)
                0x20000440                __atexit_recursive_mutex
 .data.__malloc_av_
                0x20000444      0x408 c:/progra~2/gnuarm~1/102021~1.07/bin/../lib/gcc/arm-none-eabi/10.3.1/../../../../arm-none-eabi/lib/thumb/v7e-m/nofp\libg.a(lib_a-mallocr.o)
                0x20000444                __malloc_av_
 .data.__malloc_sbrk_base
                0x2000084c        0x4 c:/progra~2/gnuarm~1/102021~1.07/bin/../lib/gcc/arm-none-eabi/10.3.1/../../../../arm-none-eabi/lib/thumb/v7e-m/nofp\libg.a(lib_a-mallocr.o)
                0x2000084c                __malloc_sbrk_base
 .data.__malloc_trim_threshold
                0x20000850        0x4 c:/progra~2/gnuarm~1/102021~1.07/bin/../lib/gcc/arm-none-eabi/10.3.1/../../../../arm-none-eabi/lib/thumb/v7e-m/nofp\libg.a(lib_a-mallocr.o)
                0x20000850                __malloc_trim_threshold
 .data.__global_locale
                0x20000854      0x16c c:/progra~2/gnuarm~1/102021~1.07/bin/../lib/gcc/arm-none-eabi/10.3.1/../../../../arm-none-eabi/lib/thumb/v7e-m/nofp\libg.a(lib_a-locale.o)
                0x20000854                __global_locale
                0x200009c0                . = ALIGN (0x4)
                0x200009c0                PROVIDE (__preinit_array_start = .)
 *(.preinit_array)
                0x200009c0                PROVIDE (__preinit_array_end = .)
                0x200009c0                . = ALIGN (0x4)
                0x200009c0                PROVIDE (__init_array_start = .)
 *(SORT_BY_NAME(.init_array.*))
 .init_array.00000
                0x200009c0        0x4 c:/progra~2/gnuarm~1/102021~1.07/bin/../lib/gcc/arm-none-eabi/10.3.1/../../../../arm-none-eabi/lib/thumb/v7e-m/nofp\libg.a(lib_a-__call_atexit.o)
 *(.init_array)
 .init_array    0x200009c4        0x4 c:/progra~2/gnuarm~1/102021~1.07/bin/../lib/gcc/arm-none-eabi/10.3.1/thumb/v7e-m/nofp/crtbegin.o
                0x200009c8                PROVIDE (__init_array_end = .)
                0x200009c8                . = ALIGN (0x4)
                0x200009c8                PROVIDE (__fini_array_start = .)
 *(SORT_BY_NAME(.fini_array.*))
 *(.fini_array)
 .fini_array    0x200009c8        0x4 c:/progra~2/gnuarm~1/102021~1.07/bin/../lib/gcc/arm-none-eabi/10.3.1/thumb/v7e-m/nofp/crtbegin.o
                0x200009cc                PROVIDE (__fini_array_end = .)
 *(.jcr*)
                0x200009cc                . = ALIGN (0x4)
                0x200009cc                __data_end__ = .

.igot.plt       0x200009cc        0x0 load address 0x0800a584
 .igot.plt      0x200009cc        0x0 c:/progra~2/gnuarm~1/102021~1.07/bin/../lib/gcc/arm-none-eabi/10.3.1/thumb/v7e-m/nofp/crtbegin.o

.bss            0x200009cc      0x858
                0x200009cc                . = ALIGN (0x4)
                0x200009cc                __bss_start__ = .
 *(.bss)
 .bss           0x200009cc       0x1c c:/progra~2/gnuarm~1/102021~1.07/bin/../lib/gcc/arm-none-eabi/10.3.1/thumb/v7e-m/nofp/crtbegin.o
 *(.bss.*)
 .bss.byte_pool_0
                0x200009e8       0x34 src/CMakeFiles/stm32f407.dir/main.c.obj
                0x200009e8                byte_pool_0
 .bss.thread_0  0x20000a1c       0xb4 src/CMakeFiles/stm32f407.dir/main.c.obj
                0x20000a1c                thread_0
 .bss.thread_0_counter
                0x20000ad0        0x4 src/CMakeFiles/stm32f407.dir/main.c.obj
                0x20000ad0                thread_0_counter
 .bss.thread_1  0x20000ad4       0xb4 src/CMakeFiles/stm32f407.dir/main.c.obj
                0x20000ad4                thread_1
 .bss.thread_1_counter
                0x20000b88        0x4 src/CMakeFiles/stm32f407.dir/main.c.obj
                0x20000b88                thread_1_counter
 .bss.thread_1_messages_sent
                0x20000b8c        0x4 src/CMakeFiles/stm32f407.dir/main.c.obj
                0x20000b8c                thread_1_messages_sent
 .bss.heap_end.0
                0x20000b90        0x4 src/CMakeFiles/stm32f407.dir/syscalls.c.obj
 .bss._tx_semaphore_created_ptr
                0x20000b94        0x4 ../lib/threadx/libthreadx.a(tx_initialize_high_level.c.obj)
                0x20000b94                _tx_semaphore_created_ptr
 .bss._tx_semaphore_created_count
                0x20000b98        0x4 ../lib/threadx/libthreadx.a(tx_initialize_high_level.c.obj)
                0x20000b98                _tx_semaphore_created_count
 .bss._tx_queue_created_ptr
                0x20000b9c        0x4 ../lib/threadx/libthreadx.a(tx_initialize_high_level.c.obj)
                0x20000b9c                _tx_queue_created_ptr
 .bss._tx_queue_created_count
                0x20000ba0        0x4 ../lib/threadx/libthreadx.a(tx_initialize_high_level.c.obj)
                0x20000ba0                _tx_queue_created_count
 .bss._tx_event_flags_created_ptr
                0x20000ba4        0x4 ../lib/threadx/libthreadx.a(tx_initialize_high_level.c.obj)
                0x20000ba4                _tx_event_flags_created_ptr
 .bss._tx_event_flags_created_count
                0x20000ba8        0x4 ../lib/threadx/libthreadx.a(tx_initialize_high_level.c.obj)
                0x20000ba8                _tx_event_flags_created_count
 .bss._tx_mutex_created_ptr
                0x20000bac        0x4 ../lib/threadx/libthreadx.a(tx_initialize_high_level.c.obj)
                0x20000bac                _tx_mutex_created_ptr
 .bss._tx_mutex_created_count
                0x20000bb0        0x4 ../lib/threadx/libthreadx.a(tx_initialize_high_level.c.obj)
                0x20000bb0                _tx_mutex_created_count
 .bss._tx_block_pool_created_ptr
                0x20000bb4        0x4 ../lib/threadx/libthreadx.a(tx_initialize_high_level.c.obj)
                0x20000bb4                _tx_block_pool_created_ptr
 .bss._tx_block_pool_created_count
                0x20000bb8        0x4 ../lib/threadx/libthreadx.a(tx_initialize_high_level.c.obj)
                0x20000bb8                _tx_block_pool_created_count
 .bss._tx_byte_pool_created_ptr
                0x20000bbc        0x4 ../lib/threadx/libthreadx.a(tx_initialize_high_level.c.obj)
                0x20000bbc                _tx_byte_pool_created_ptr
 .bss._tx_byte_pool_created_count
                0x20000bc0        0x4 ../lib/threadx/libthreadx.a(tx_initialize_high_level.c.obj)
                0x20000bc0                _tx_byte_pool_created_count
 .bss._tx_initialize_unused_memory
                0x20000bc4        0x4 ../lib/threadx/libthreadx.a(tx_initialize_high_level.c.obj)
                0x20000bc4                _tx_initialize_unused_memory
 .bss._tx_thread_system_stack_ptr
                0x20000bc8        0x4 ../lib/threadx/libthreadx.a(tx_thread_initialize.c.obj)
                0x20000bc8                _tx_thread_system_stack_ptr
 .bss._tx_thread_current_ptr
                0x20000bcc        0x4 ../lib/threadx/libthreadx.a(tx_thread_initialize.c.obj)
                0x20000bcc                _tx_thread_current_ptr
 .bss._tx_thread_execute_ptr
                0x20000bd0        0x4 ../lib/threadx/libthreadx.a(tx_thread_initialize.c.obj)
                0x20000bd0                _tx_thread_execute_ptr
 .bss._tx_thread_created_ptr
                0x20000bd4        0x4 ../lib/threadx/libthreadx.a(tx_thread_initialize.c.obj)
                0x20000bd4                _tx_thread_created_ptr
 .bss._tx_thread_created_count
                0x20000bd8        0x4 ../lib/threadx/libthreadx.a(tx_thread_initialize.c.obj)
                0x20000bd8                _tx_thread_created_count
 .bss._tx_thread_priority_maps
                0x20000bdc        0x4 ../lib/threadx/libthreadx.a(tx_thread_initialize.c.obj)
                0x20000bdc                _tx_thread_priority_maps
 .bss._tx_thread_preempted_maps
                0x20000be0        0x4 ../lib/threadx/libthreadx.a(tx_thread_initialize.c.obj)
                0x20000be0                _tx_thread_preempted_maps
 .bss._tx_thread_highest_priority
                0x20000be4        0x4 ../lib/threadx/libthreadx.a(tx_thread_initialize.c.obj)
                0x20000be4                _tx_thread_highest_priority
 .bss._tx_thread_priority_list
                0x20000be8       0x80 ../lib/threadx/libthreadx.a(tx_thread_initialize.c.obj)
                0x20000be8                _tx_thread_priority_list
 .bss._tx_thread_preempt_disable
                0x20000c68        0x4 ../lib/threadx/libthreadx.a(tx_thread_initialize.c.obj)
                0x20000c68                _tx_thread_preempt_disable
 .bss._tx_thread_mutex_release
                0x20000c6c        0x4 ../lib/threadx/libthreadx.a(tx_thread_initialize.c.obj)
                0x20000c6c                _tx_thread_mutex_release
 .bss._tx_build_options
                0x20000c70        0x4 ../lib/threadx/libthreadx.a(tx_thread_initialize.c.obj)
                0x20000c70                _tx_build_options
 .bss._tx_timer_system_clock
                0x20000c74        0x4 ../lib/threadx/libthreadx.a(tx_timer_initialize.c.obj)
                0x20000c74                _tx_timer_system_clock
 .bss._tx_timer_expired_time_slice
                0x20000c78        0x4 ../lib/threadx/libthreadx.a(tx_timer_initialize.c.obj)
                0x20000c78                _tx_timer_expired_time_slice
 .bss._tx_timer_list
                0x20000c7c       0x80 ../lib/threadx/libthreadx.a(tx_timer_initialize.c.obj)
                0x20000c7c                _tx_timer_list
 .bss._tx_timer_list_start
                0x20000cfc        0x4 ../lib/threadx/libthreadx.a(tx_timer_initialize.c.obj)
                0x20000cfc                _tx_timer_list_start
 .bss._tx_timer_list_end
                0x20000d00        0x4 ../lib/threadx/libthreadx.a(tx_timer_initialize.c.obj)
                0x20000d00                _tx_timer_list_end
 .bss._tx_timer_current_ptr
                0x20000d04        0x4 ../lib/threadx/libthreadx.a(tx_timer_initialize.c.obj)
                0x20000d04                _tx_timer_current_ptr
 .bss._tx_timer_expired
                0x20000d08        0x4 ../lib/threadx/libthreadx.a(tx_timer_initialize.c.obj)
                0x20000d08                _tx_timer_expired
 .bss._tx_timer_created_ptr
                0x20000d0c        0x4 ../lib/threadx/libthreadx.a(tx_timer_initialize.c.obj)
                0x20000d0c                _tx_timer_created_ptr
 .bss._tx_timer_created_count
                0x20000d10        0x4 ../lib/threadx/libthreadx.a(tx_timer_initialize.c.obj)
                0x20000d10                _tx_timer_created_count
 .bss._tx_timer_expired_timer_ptr
                0x20000d14        0x4 ../lib/threadx/libthreadx.a(tx_timer_initialize.c.obj)
                0x20000d14                _tx_timer_expired_timer_ptr
 .bss._tx_timer_thread
                0x20000d18       0xb4 ../lib/threadx/libthreadx.a(tx_timer_initialize.c.obj)
                0x20000d18                _tx_timer_thread
 .bss._tx_timer_stack_start
                0x20000dcc        0x4 ../lib/threadx/libthreadx.a(tx_timer_initialize.c.obj)
                0x20000dcc                _tx_timer_stack_start
 .bss._tx_timer_stack_size
                0x20000dd0        0x4 ../lib/threadx/libthreadx.a(tx_timer_initialize.c.obj)
                0x20000dd0                _tx_timer_stack_size
 .bss._tx_timer_priority
                0x20000dd4        0x4 ../lib/threadx/libthreadx.a(tx_timer_initialize.c.obj)
                0x20000dd4                _tx_timer_priority
 .bss._tx_timer_thread_stack_area
                0x20000dd8      0x400 ../lib/threadx/libthreadx.a(tx_timer_initialize.c.obj)
                0x20000dd8                _tx_timer_thread_stack_area
 .bss._tx_timer_time_slice
                0x200011d8        0x4 ../lib/threadx/libthreadx.a(tx_timer_initialize.c.obj)
                0x200011d8                _tx_timer_time_slice
 .bss.__lock___atexit_recursive_mutex
                0x200011dc        0x1 c:/progra~2/gnuarm~1/102021~1.07/bin/../lib/gcc/arm-none-eabi/10.3.1/../../../../arm-none-eabi/lib/thumb/v7e-m/nofp\libg.a(lib_a-lock.o)
                0x200011dc                __lock___atexit_recursive_mutex
 *fill*         0x200011dd        0x3 
 .bss.__lock___malloc_recursive_mutex
                0x200011e0        0x1 c:/progra~2/gnuarm~1/102021~1.07/bin/../lib/gcc/arm-none-eabi/10.3.1/../../../../arm-none-eabi/lib/thumb/v7e-m/nofp\libg.a(lib_a-lock.o)
                0x200011e0                __lock___malloc_recursive_mutex
 *fill*         0x200011e1        0x3 
 .bss.__lock___sfp_recursive_mutex
                0x200011e4        0x1 c:/progra~2/gnuarm~1/102021~1.07/bin/../lib/gcc/arm-none-eabi/10.3.1/../../../../arm-none-eabi/lib/thumb/v7e-m/nofp\libg.a(lib_a-lock.o)
                0x200011e4                __lock___sfp_recursive_mutex
 *fill*         0x200011e5        0x3 
 .bss.__lock___sinit_recursive_mutex
                0x200011e8        0x1 c:/progra~2/gnuarm~1/102021~1.07/bin/../lib/gcc/arm-none-eabi/10.3.1/../../../../arm-none-eabi/lib/thumb/v7e-m/nofp\libg.a(lib_a-lock.o)
                0x200011e8                __lock___sinit_recursive_mutex
 *fill*         0x200011e9        0x3 
 .bss.__malloc_current_mallinfo
                0x200011ec       0x28 c:/progra~2/gnuarm~1/102021~1.07/bin/../lib/gcc/arm-none-eabi/10.3.1/../../../../arm-none-eabi/lib/thumb/v7e-m/nofp\libg.a(lib_a-mallocr.o)
                0x200011ec                __malloc_current_mallinfo
 .bss.__malloc_max_sbrked_mem
                0x20001214        0x4 c:/progra~2/gnuarm~1/102021~1.07/bin/../lib/gcc/arm-none-eabi/10.3.1/../../../../arm-none-eabi/lib/thumb/v7e-m/nofp\libg.a(lib_a-mallocr.o)
                0x20001214                __malloc_max_sbrked_mem
 .bss.__malloc_max_total_mem
                0x20001218        0x4 c:/progra~2/gnuarm~1/102021~1.07/bin/../lib/gcc/arm-none-eabi/10.3.1/../../../../arm-none-eabi/lib/thumb/v7e-m/nofp\libg.a(lib_a-mallocr.o)
                0x20001218                __malloc_max_total_mem
 .bss.__malloc_top_pad
                0x2000121c        0x4 c:/progra~2/gnuarm~1/102021~1.07/bin/../lib/gcc/arm-none-eabi/10.3.1/../../../../arm-none-eabi/lib/thumb/v7e-m/nofp\libg.a(lib_a-mallocr.o)
                0x2000121c                __malloc_top_pad
 .bss.errno     0x20001220        0x4 c:/progra~2/gnuarm~1/102021~1.07/bin/../lib/gcc/arm-none-eabi/10.3.1/../../../../arm-none-eabi/lib/thumb/v7e-m/nofp\libg.a(lib_a-reent.o)
                0x20001220                errno
 *(COMMON)
                0x20001224                . = ALIGN (0x4)
                0x20001224                __bss_end__ = .

.heap           0x20001224     0x1404
                0x20001228                . = ALIGN (0x8)
 *fill*         0x20001224        0x4 
                0x20001228                __end__ = .
                0x20001228                PROVIDE (end = .)
                0x20002628                . = (. + __HEAP_SIZE)
 *fill*         0x20001228     0x1400 
                0x20002628                . = ALIGN (0x8)
                0x20002628                __HeapLimit = .

.stack          0x2000e000     0xa000
                0x2000e000                . = ALIGN (0x8)
                0x2000e000                __StackLimit = .
                0x20018000                . = (. + __STACK_SIZE)
 *fill*         0x2000e000     0xa000 
                0x20018000                . = ALIGN (0x8)
                0x20018000                __StackTop = .
                0x20018000                PROVIDE (__stack = __StackTop)
                0x00000001                ASSERT ((__StackLimit >= __HeapLimit), region RAM overflowed with stack)
OUTPUT(src\stm32f407.elf elf32-littlearm)
LOAD linker stubs

.ARM.attributes
                0x00000000       0x2e
 .ARM.attributes
                0x00000000       0x1e c:/progra~2/gnuarm~1/102021~1.07/bin/../lib/gcc/arm-none-eabi/10.3.1/thumb/v7e-m/nofp/crti.o
 .ARM.attributes
                0x0000001e       0x2e c:/progra~2/gnuarm~1/102021~1.07/bin/../lib/gcc/arm-none-eabi/10.3.1/thumb/v7e-m/nofp/crtbegin.o
 .ARM.attributes
                0x0000004c       0x1c c:/progra~2/gnuarm~1/102021~1.07/bin/../lib/gcc/arm-none-eabi/10.3.1/../../../../arm-none-eabi/lib/thumb/v7e-m/nofp/crt0.o
 .ARM.attributes
                0x00000068       0x2e src/CMakeFiles/stm32f407.dir/main.c.obj
 .ARM.attributes
                0x00000096       0x2e src/CMakeFiles/stm32f407.dir/syscalls.c.obj
 .ARM.attributes
                0x000000c4       0x2e src/CMakeFiles/stm32f407.dir/system_stm32f4xx.c.obj
 .ARM.attributes
                0x000000f2       0x20 src/CMakeFiles/stm32f407.dir/tx_initialize_low_level.S.obj
 .ARM.attributes
                0x00000112       0x2e src/LED/libledd.a(led.c.obj)
 .ARM.attributes
                0x00000140       0x2e src/UART/libuartd.a(uart.c.obj)
 .ARM.attributes
                0x0000016e       0x2e lib/libstandard_libd.a(stm32f4xx_gpio.c.obj)
 .ARM.attributes
                0x0000019c       0x2e lib/libstandard_libd.a(stm32f4xx_rcc.c.obj)
 .ARM.attributes
                0x000001ca       0x2e lib/libstandard_libd.a(stm32f4xx_usart.c.obj)
 .ARM.attributes
                0x000001f8       0x2e lib/libstandard_libd.a(misc.c.obj)
 .ARM.attributes
                0x00000226       0x2e startup/libstartupd.a(startup_stm32.c.obj)
 .ARM.attributes
                0x00000254       0x1c ../lib/threadx/libthreadx.a(tx_thread_schedule.S.obj)
 .ARM.attributes
                0x00000270       0x1c ../lib/threadx/libthreadx.a(tx_timer_interrupt.S.obj)
 .ARM.attributes
                0x0000028c       0x2e ../lib/threadx/libthreadx.a(tx_initialize_high_level.c.obj)
 .ARM.attributes
                0x000002ba       0x2e ../lib/threadx/libthreadx.a(tx_initialize_kernel_enter.c.obj)
 .ARM.attributes
                0x000002e8       0x2e ../lib/threadx/libthreadx.a(tx_thread_initialize.c.obj)
 .ARM.attributes
                0x00000316       0x2e ../lib/threadx/libthreadx.a(tx_thread_sleep.c.obj)
 .ARM.attributes
                0x00000344       0x2e ../lib/threadx/libthreadx.a(tx_thread_system_suspend.c.obj)
 .ARM.attributes
                0x00000372       0x2e ../lib/threadx/libthreadx.a(tx_thread_time_slice.c.obj)
 .ARM.attributes
                0x000003a0       0x2e ../lib/threadx/libthreadx.a(tx_timer_expiration_process.c.obj)
 .ARM.attributes
                0x000003ce       0x2e ../lib/threadx/libthreadx.a(tx_timer_initialize.c.obj)
 .ARM.attributes
                0x000003fc       0x2e ../lib/threadx/libthreadx.a(tx_timer_system_activate.c.obj)
 .ARM.attributes
                0x0000042a       0x2e ../lib/threadx/libthreadx.a(tx_timer_thread_entry.c.obj)
 .ARM.attributes
                0x00000458       0x2e ../lib/threadx/libthreadx.a(txe_block_release.c.obj)
 .ARM.attributes
                0x00000486       0x2e ../lib/threadx/libthreadx.a(txe_byte_allocate.c.obj)
 .ARM.attributes
                0x000004b4       0x2e ../lib/threadx/libthreadx.a(txe_byte_pool_create.c.obj)
 .ARM.attributes
                0x000004e2       0x2e ../lib/threadx/libthreadx.a(txe_thread_create.c.obj)
 .ARM.attributes
                0x00000510       0x2e ../lib/threadx/libthreadx.a(tx_block_release.c.obj)
 .ARM.attributes
                0x0000053e       0x2e ../lib/threadx/libthreadx.a(tx_byte_allocate.c.obj)
 .ARM.attributes
                0x0000056c       0x2e ../lib/threadx/libthreadx.a(tx_byte_pool_cleanup.c.obj)
 .ARM.attributes
                0x0000059a       0x2e ../lib/threadx/libthreadx.a(tx_byte_pool_create.c.obj)
 .ARM.attributes
                0x000005c8       0x2e ../lib/threadx/libthreadx.a(tx_byte_pool_search.c.obj)
 .ARM.attributes
                0x000005f6       0x2e ../lib/threadx/libthreadx.a(tx_thread_create.c.obj)
 .ARM.attributes
                0x00000624       0x2e ../lib/threadx/libthreadx.a(tx_thread_shell_entry.c.obj)
 .ARM.attributes
                0x00000652       0x2e ../lib/threadx/libthreadx.a(tx_thread_system_preempt_check.c.obj)
 .ARM.attributes
                0x00000680       0x2e ../lib/threadx/libthreadx.a(tx_thread_system_resume.c.obj)
 .ARM.attributes
                0x000006ae       0x2e ../lib/threadx/libthreadx.a(tx_thread_timeout.c.obj)
 .ARM.attributes
                0x000006dc       0x2e ../lib/threadx/libthreadx.a(tx_timer_system_deactivate.c.obj)
 .ARM.attributes
                0x0000070a       0x1c ../lib/threadx/libthreadx.a(tx_thread_stack_build.S.obj)
 .ARM.attributes
                0x00000726       0x2e c:/progra~2/gnuarm~1/102021~1.07/bin/../lib/gcc/arm-none-eabi/10.3.1/../../../../arm-none-eabi/lib/thumb/v7e-m/nofp\libg.a(lib_a-errno.o)
 .ARM.attributes
                0x00000754       0x2e c:/progra~2/gnuarm~1/102021~1.07/bin/../lib/gcc/arm-none-eabi/10.3.1/../../../../arm-none-eabi/lib/thumb/v7e-m/nofp\libg.a(lib_a-exit.o)
 .ARM.attributes
                0x00000782       0x2e c:/progra~2/gnuarm~1/102021~1.07/bin/../lib/gcc/arm-none-eabi/10.3.1/../../../../arm-none-eabi/lib/thumb/v7e-m/nofp\libg.a(lib_a-impure.o)
 .ARM.attributes
                0x000007b0       0x2e c:/progra~2/gnuarm~1/102021~1.07/bin/../lib/gcc/arm-none-eabi/10.3.1/../../../../arm-none-eabi/lib/thumb/v7e-m/nofp\libg.a(lib_a-init.o)
 .ARM.attributes
                0x000007de       0x2e c:/progra~2/gnuarm~1/102021~1.07/bin/../lib/gcc/arm-none-eabi/10.3.1/../../../../arm-none-eabi/lib/thumb/v7e-m/nofp\libg.a(lib_a-memset.o)
 .ARM.attributes
                0x0000080c       0x2e c:/progra~2/gnuarm~1/102021~1.07/bin/../lib/gcc/arm-none-eabi/10.3.1/../../../../arm-none-eabi/lib/thumb/v7e-m/nofp\libg.a(lib_a-printf.o)
 .ARM.attributes
                0x0000083a       0x2e c:/progra~2/gnuarm~1/102021~1.07/bin/../lib/gcc/arm-none-eabi/10.3.1/../../../../arm-none-eabi/lib/thumb/v7e-m/nofp\libg.a(lib_a-vfprintf.o)
 .ARM.attributes
                0x00000868       0x2e c:/progra~2/gnuarm~1/102021~1.07/bin/../lib/gcc/arm-none-eabi/10.3.1/../../../../arm-none-eabi/lib/thumb/v7e-m/nofp\libg.a(lib_a-wsetup.o)
 .ARM.attributes
                0x00000896       0x2e c:/progra~2/gnuarm~1/102021~1.07/bin/../lib/gcc/arm-none-eabi/10.3.1/../../../../arm-none-eabi/lib/thumb/v7e-m/nofp\libg.a(lib_a-__call_atexit.o)
 .ARM.attributes
                0x000008c4       0x2e c:/progra~2/gnuarm~1/102021~1.07/bin/../lib/gcc/arm-none-eabi/10.3.1/../../../../arm-none-eabi/lib/thumb/v7e-m/nofp\libg.a(lib_a-atexit.o)
 .ARM.attributes
                0x000008f2       0x2e c:/progra~2/gnuarm~1/102021~1.07/bin/../lib/gcc/arm-none-eabi/10.3.1/../../../../arm-none-eabi/lib/thumb/v7e-m/nofp\libg.a(lib_a-dtoa.o)
 .ARM.attributes
                0x00000920       0x2e c:/progra~2/gnuarm~1/102021~1.07/bin/../lib/gcc/arm-none-eabi/10.3.1/../../../../arm-none-eabi/lib/thumb/v7e-m/nofp\libg.a(lib_a-fflush.o)
 .ARM.attributes
                0x0000094e       0x2e c:/progra~2/gnuarm~1/102021~1.07/bin/../lib/gcc/arm-none-eabi/10.3.1/../../../../arm-none-eabi/lib/thumb/v7e-m/nofp\libg.a(lib_a-findfp.o)
 .ARM.attributes
                0x0000097c       0x2e c:/progra~2/gnuarm~1/102021~1.07/bin/../lib/gcc/arm-none-eabi/10.3.1/../../../../arm-none-eabi/lib/thumb/v7e-m/nofp\libg.a(lib_a-fini.o)
 .ARM.attributes
                0x000009aa       0x2e c:/progra~2/gnuarm~1/102021~1.07/bin/../lib/gcc/arm-none-eabi/10.3.1/../../../../arm-none-eabi/lib/thumb/v7e-m/nofp\libg.a(lib_a-freer.o)
 .ARM.attributes
                0x000009d8       0x2e c:/progra~2/gnuarm~1/102021~1.07/bin/../lib/gcc/arm-none-eabi/10.3.1/../../../../arm-none-eabi/lib/thumb/v7e-m/nofp\libg.a(lib_a-fwalk.o)
 .ARM.attributes
                0x00000a06       0x2e c:/progra~2/gnuarm~1/102021~1.07/bin/../lib/gcc/arm-none-eabi/10.3.1/../../../../arm-none-eabi/lib/thumb/v7e-m/nofp\libg.a(lib_a-localeconv.o)
 .ARM.attributes
                0x00000a34       0x2e c:/progra~2/gnuarm~1/102021~1.07/bin/../lib/gcc/arm-none-eabi/10.3.1/../../../../arm-none-eabi/lib/thumb/v7e-m/nofp\libg.a(lib_a-lock.o)
 .ARM.attributes
                0x00000a62       0x2e c:/progra~2/gnuarm~1/102021~1.07/bin/../lib/gcc/arm-none-eabi/10.3.1/../../../../arm-none-eabi/lib/thumb/v7e-m/nofp\libg.a(lib_a-makebuf.o)
 .ARM.attributes
                0x00000a90       0x2e c:/progra~2/gnuarm~1/102021~1.07/bin/../lib/gcc/arm-none-eabi/10.3.1/../../../../arm-none-eabi/lib/thumb/v7e-m/nofp\libg.a(lib_a-mallocr.o)
 .ARM.attributes
                0x00000abe       0x1c c:/progra~2/gnuarm~1/102021~1.07/bin/../lib/gcc/arm-none-eabi/10.3.1/../../../../arm-none-eabi/lib/thumb/v7e-m/nofp\libg.a(lib_a-memchr.o)
 .ARM.attributes
                0x00000ada       0x1c c:/progra~2/gnuarm~1/102021~1.07/bin/../lib/gcc/arm-none-eabi/10.3.1/../../../../arm-none-eabi/lib/thumb/v7e-m/nofp\libg.a(lib_a-memcpy.o)
 .ARM.attributes
                0x00000af6       0x2e c:/progra~2/gnuarm~1/102021~1.07/bin/../lib/gcc/arm-none-eabi/10.3.1/../../../../arm-none-eabi/lib/thumb/v7e-m/nofp\libg.a(lib_a-mlock.o)
 .ARM.attributes
                0x00000b24       0x2e c:/progra~2/gnuarm~1/102021~1.07/bin/../lib/gcc/arm-none-eabi/10.3.1/../../../../arm-none-eabi/lib/thumb/v7e-m/nofp\libg.a(lib_a-mprec.o)
 .ARM.attributes
                0x00000b52       0x2e c:/progra~2/gnuarm~1/102021~1.07/bin/../lib/gcc/arm-none-eabi/10.3.1/../../../../arm-none-eabi/lib/thumb/v7e-m/nofp\libg.a(lib_a-s_frexp.o)
 .ARM.attributes
                0x00000b80       0x2e c:/progra~2/gnuarm~1/102021~1.07/bin/../lib/gcc/arm-none-eabi/10.3.1/../../../../arm-none-eabi/lib/thumb/v7e-m/nofp\libg.a(lib_a-sbrkr.o)
 .ARM.attributes
                0x00000bae       0x2e c:/progra~2/gnuarm~1/102021~1.07/bin/../lib/gcc/arm-none-eabi/10.3.1/../../../../arm-none-eabi/lib/thumb/v7e-m/nofp\libg.a(lib_a-stdio.o)
 .ARM.attributes
                0x00000bdc       0x1c c:/progra~2/gnuarm~1/102021~1.07/bin/../lib/gcc/arm-none-eabi/10.3.1/../../../../arm-none-eabi/lib/thumb/v7e-m/nofp\libg.a(lib_a-strlen.o)
 .ARM.attributes
                0x00000bf8       0x2e c:/progra~2/gnuarm~1/102021~1.07/bin/../lib/gcc/arm-none-eabi/10.3.1/../../../../arm-none-eabi/lib/thumb/v7e-m/nofp\libg.a(lib_a-strncpy.o)
 .ARM.attributes
                0x00000c26       0x2e c:/progra~2/gnuarm~1/102021~1.07/bin/../lib/gcc/arm-none-eabi/10.3.1/../../../../arm-none-eabi/lib/thumb/v7e-m/nofp\libg.a(lib_a-vfiprintf.o)
 .ARM.attributes
                0x00000c54       0x2e c:/progra~2/gnuarm~1/102021~1.07/bin/../lib/gcc/arm-none-eabi/10.3.1/../../../../arm-none-eabi/lib/thumb/v7e-m/nofp\libg.a(lib_a-writer.o)
 .ARM.attributes
                0x00000c82       0x2e c:/progra~2/gnuarm~1/102021~1.07/bin/../lib/gcc/arm-none-eabi/10.3.1/../../../../arm-none-eabi/lib/thumb/v7e-m/nofp\libg.a(lib_a-__atexit.o)
 .ARM.attributes
                0x00000cb0       0x2e c:/progra~2/gnuarm~1/102021~1.07/bin/../lib/gcc/arm-none-eabi/10.3.1/../../../../arm-none-eabi/lib/thumb/v7e-m/nofp\libg.a(lib_a-assert.o)
 .ARM.attributes
                0x00000cde       0x2e c:/progra~2/gnuarm~1/102021~1.07/bin/../lib/gcc/arm-none-eabi/10.3.1/../../../../arm-none-eabi/lib/thumb/v7e-m/nofp\libg.a(lib_a-callocr.o)
 .ARM.attributes
                0x00000d0c       0x2e c:/progra~2/gnuarm~1/102021~1.07/bin/../lib/gcc/arm-none-eabi/10.3.1/../../../../arm-none-eabi/lib/thumb/v7e-m/nofp\libg.a(lib_a-closer.o)
 .ARM.attributes
                0x00000d3a       0x2e c:/progra~2/gnuarm~1/102021~1.07/bin/../lib/gcc/arm-none-eabi/10.3.1/../../../../arm-none-eabi/lib/thumb/v7e-m/nofp\libg.a(lib_a-fclose.o)
 .ARM.attributes
                0x00000d68       0x2e c:/progra~2/gnuarm~1/102021~1.07/bin/../lib/gcc/arm-none-eabi/10.3.1/../../../../arm-none-eabi/lib/thumb/v7e-m/nofp\libg.a(lib_a-fiprintf.o)
 .ARM.attributes
                0x00000d96       0x2e c:/progra~2/gnuarm~1/102021~1.07/bin/../lib/gcc/arm-none-eabi/10.3.1/../../../../arm-none-eabi/lib/thumb/v7e-m/nofp\libg.a(lib_a-fputwc.o)
 .ARM.attributes
                0x00000dc4       0x2e c:/progra~2/gnuarm~1/102021~1.07/bin/../lib/gcc/arm-none-eabi/10.3.1/../../../../arm-none-eabi/lib/thumb/v7e-m/nofp\libg.a(lib_a-fstatr.o)
 .ARM.attributes
                0x00000df2       0x2e c:/progra~2/gnuarm~1/102021~1.07/bin/../lib/gcc/arm-none-eabi/10.3.1/../../../../arm-none-eabi/lib/thumb/v7e-m/nofp\libg.a(lib_a-fvwrite.o)
 .ARM.attributes
                0x00000e20       0x2e c:/progra~2/gnuarm~1/102021~1.07/bin/../lib/gcc/arm-none-eabi/10.3.1/../../../../arm-none-eabi/lib/thumb/v7e-m/nofp\libg.a(lib_a-isattyr.o)
 .ARM.attributes
                0x00000e4e       0x2e c:/progra~2/gnuarm~1/102021~1.07/bin/../lib/gcc/arm-none-eabi/10.3.1/../../../../arm-none-eabi/lib/thumb/v7e-m/nofp\libg.a(lib_a-locale.o)
 .ARM.attributes
                0x00000e7c       0x2e c:/progra~2/gnuarm~1/102021~1.07/bin/../lib/gcc/arm-none-eabi/10.3.1/../../../../arm-none-eabi/lib/thumb/v7e-m/nofp\libg.a(lib_a-lseekr.o)
 .ARM.attributes
                0x00000eaa       0x2e c:/progra~2/gnuarm~1/102021~1.07/bin/../lib/gcc/arm-none-eabi/10.3.1/../../../../arm-none-eabi/lib/thumb/v7e-m/nofp\libg.a(lib_a-mbtowc_r.o)
 .ARM.attributes
                0x00000ed8       0x2e c:/progra~2/gnuarm~1/102021~1.07/bin/../lib/gcc/arm-none-eabi/10.3.1/../../../../arm-none-eabi/lib/thumb/v7e-m/nofp\libg.a(lib_a-memmove.o)
 .ARM.attributes
                0x00000f06       0x2e c:/progra~2/gnuarm~1/102021~1.07/bin/../lib/gcc/arm-none-eabi/10.3.1/../../../../arm-none-eabi/lib/thumb/v7e-m/nofp\libg.a(lib_a-readr.o)
 .ARM.attributes
                0x00000f34       0x2e c:/progra~2/gnuarm~1/102021~1.07/bin/../lib/gcc/arm-none-eabi/10.3.1/../../../../arm-none-eabi/lib/thumb/v7e-m/nofp\libg.a(lib_a-reallocr.o)
 .ARM.attributes
                0x00000f62       0x2e c:/progra~2/gnuarm~1/102021~1.07/bin/../lib/gcc/arm-none-eabi/10.3.1/../../../../arm-none-eabi/lib/thumb/v7e-m/nofp\libg.a(lib_a-reent.o)
 .ARM.attributes
                0x00000f90       0x2e c:/progra~2/gnuarm~1/102021~1.07/bin/../lib/gcc/arm-none-eabi/10.3.1/../../../../arm-none-eabi/lib/thumb/v7e-m/nofp\libg.a(lib_a-wbuf.o)
 .ARM.attributes
                0x00000fbe       0x2e c:/progra~2/gnuarm~1/102021~1.07/bin/../lib/gcc/arm-none-eabi/10.3.1/../../../../arm-none-eabi/lib/thumb/v7e-m/nofp\libg.a(lib_a-wcrtomb.o)
 .ARM.attributes
                0x00000fec       0x2e c:/progra~2/gnuarm~1/102021~1.07/bin/../lib/gcc/arm-none-eabi/10.3.1/../../../../arm-none-eabi/lib/thumb/v7e-m/nofp\libg.a(lib_a-wctomb_r.o)
 .ARM.attributes
                0x0000101a       0x2e c:/progra~2/gnuarm~1/102021~1.07/bin/../lib/gcc/arm-none-eabi/10.3.1/../../../../arm-none-eabi/lib/thumb/v7e-m/nofp\libg.a(lib_a-abort.o)
 .ARM.attributes
                0x00001048       0x2e c:/progra~2/gnuarm~1/102021~1.07/bin/../lib/gcc/arm-none-eabi/10.3.1/../../../../arm-none-eabi/lib/thumb/v7e-m/nofp\libg.a(lib_a-ctype_.o)
 .ARM.attributes
                0x00001076       0x2e c:/progra~2/gnuarm~1/102021~1.07/bin/../lib/gcc/arm-none-eabi/10.3.1/../../../../arm-none-eabi/lib/thumb/v7e-m/nofp\libg.a(lib_a-signal.o)
 .ARM.attributes
                0x000010a4       0x2e c:/progra~2/gnuarm~1/102021~1.07/bin/../lib/gcc/arm-none-eabi/10.3.1/../../../../arm-none-eabi/lib/thumb/v7e-m/nofp\libg.a(lib_a-signalr.o)
 .ARM.attributes
                0x000010d2       0x1e c:/progra~2/gnuarm~1/102021~1.07/bin/../lib/gcc/arm-none-eabi/10.3.1/thumb/v7e-m/nofp\libgcc.a(_arm_addsubdf3.o)
 .ARM.attributes
                0x000010f0       0x1e c:/progra~2/gnuarm~1/102021~1.07/bin/../lib/gcc/arm-none-eabi/10.3.1/thumb/v7e-m/nofp\libgcc.a(_arm_muldivdf3.o)
 .ARM.attributes
                0x0000110e       0x1e c:/progra~2/gnuarm~1/102021~1.07/bin/../lib/gcc/arm-none-eabi/10.3.1/thumb/v7e-m/nofp\libgcc.a(_arm_cmpdf2.o)
 .ARM.attributes
                0x0000112c       0x1e c:/progra~2/gnuarm~1/102021~1.07/bin/../lib/gcc/arm-none-eabi/10.3.1/thumb/v7e-m/nofp\libgcc.a(_arm_unorddf2.o)
 .ARM.attributes
                0x0000114a       0x1e c:/progra~2/gnuarm~1/102021~1.07/bin/../lib/gcc/arm-none-eabi/10.3.1/thumb/v7e-m/nofp\libgcc.a(_arm_fixdfsi.o)
 .ARM.attributes
                0x00001168       0x1e c:/progra~2/gnuarm~1/102021~1.07/bin/../lib/gcc/arm-none-eabi/10.3.1/thumb/v7e-m/nofp\libgcc.a(_aeabi_uldivmod.o)
 .ARM.attributes
                0x00001186       0x2e c:/progra~2/gnuarm~1/102021~1.07/bin/../lib/gcc/arm-none-eabi/10.3.1/thumb/v7e-m/nofp\libgcc.a(_udivmoddi4.o)
 .ARM.attributes
                0x000011b4       0x1e c:/progra~2/gnuarm~1/102021~1.07/bin/../lib/gcc/arm-none-eabi/10.3.1/thumb/v7e-m/nofp\libgcc.a(_dvmd_tls.o)
 .ARM.attributes
                0x000011d2       0x2e c:/progra~2/gnuarm~1/102021~1.07/bin/../lib/gcc/arm-none-eabi/10.3.1/thumb/v7e-m/nofp/crtend.o
 .ARM.attributes
                0x00001200       0x1e c:/progra~2/gnuarm~1/102021~1.07/bin/../lib/gcc/arm-none-eabi/10.3.1/thumb/v7e-m/nofp/crtn.o

.comment        0x00000000       0x49
 .comment       0x00000000       0x49 src/CMakeFiles/stm32f407.dir/main.c.obj
                                 0x4a (size before relaxing)
 .comment       0x00000049       0x4a src/CMakeFiles/stm32f407.dir/syscalls.c.obj
 .comment       0x00000049       0x4a src/CMakeFiles/stm32f407.dir/system_stm32f4xx.c.obj
 .comment       0x00000049       0x4a src/LED/libledd.a(led.c.obj)
 .comment       0x00000049       0x4a src/UART/libuartd.a(uart.c.obj)
 .comment       0x00000049       0x4a lib/libstandard_libd.a(stm32f4xx_gpio.c.obj)
 .comment       0x00000049       0x4a lib/libstandard_libd.a(stm32f4xx_rcc.c.obj)
 .comment       0x00000049       0x4a lib/libstandard_libd.a(stm32f4xx_usart.c.obj)
 .comment       0x00000049       0x4a lib/libstandard_libd.a(misc.c.obj)
 .comment       0x00000049       0x4a startup/libstartupd.a(startup_stm32.c.obj)
 .comment       0x00000049       0x4a ../lib/threadx/libthreadx.a(tx_initialize_high_level.c.obj)
 .comment       0x00000049       0x4a ../lib/threadx/libthreadx.a(tx_initialize_kernel_enter.c.obj)
 .comment       0x00000049       0x4a ../lib/threadx/libthreadx.a(tx_thread_initialize.c.obj)
 .comment       0x00000049       0x4a ../lib/threadx/libthreadx.a(tx_thread_sleep.c.obj)
 .comment       0x00000049       0x4a ../lib/threadx/libthreadx.a(tx_thread_system_suspend.c.obj)
 .comment       0x00000049       0x4a ../lib/threadx/libthreadx.a(tx_thread_time_slice.c.obj)
 .comment       0x00000049       0x4a ../lib/threadx/libthreadx.a(tx_timer_expiration_process.c.obj)
 .comment       0x00000049       0x4a ../lib/threadx/libthreadx.a(tx_timer_initialize.c.obj)
 .comment       0x00000049       0x4a ../lib/threadx/libthreadx.a(tx_timer_system_activate.c.obj)
 .comment       0x00000049       0x4a ../lib/threadx/libthreadx.a(tx_timer_thread_entry.c.obj)
 .comment       0x00000049       0x4a ../lib/threadx/libthreadx.a(txe_block_release.c.obj)
 .comment       0x00000049       0x4a ../lib/threadx/libthreadx.a(txe_byte_allocate.c.obj)
 .comment       0x00000049       0x4a ../lib/threadx/libthreadx.a(txe_byte_pool_create.c.obj)
 .comment       0x00000049       0x4a ../lib/threadx/libthreadx.a(txe_thread_create.c.obj)
 .comment       0x00000049       0x4a ../lib/threadx/libthreadx.a(tx_block_release.c.obj)
 .comment       0x00000049       0x4a ../lib/threadx/libthreadx.a(tx_byte_allocate.c.obj)
 .comment       0x00000049       0x4a ../lib/threadx/libthreadx.a(tx_byte_pool_cleanup.c.obj)
 .comment       0x00000049       0x4a ../lib/threadx/libthreadx.a(tx_byte_pool_create.c.obj)
 .comment       0x00000049       0x4a ../lib/threadx/libthreadx.a(tx_byte_pool_search.c.obj)
 .comment       0x00000049       0x4a ../lib/threadx/libthreadx.a(tx_thread_create.c.obj)
 .comment       0x00000049       0x4a ../lib/threadx/libthreadx.a(tx_thread_shell_entry.c.obj)
 .comment       0x00000049       0x4a ../lib/threadx/libthreadx.a(tx_thread_system_preempt_check.c.obj)
 .comment       0x00000049       0x4a ../lib/threadx/libthreadx.a(tx_thread_system_resume.c.obj)
 .comment       0x00000049       0x4a ../lib/threadx/libthreadx.a(tx_thread_timeout.c.obj)
 .comment       0x00000049       0x4a ../lib/threadx/libthreadx.a(tx_timer_system_deactivate.c.obj)

.debug_info     0x00000000     0x5788
 .debug_info    0x00000000      0xe41 src/CMakeFiles/stm32f407.dir/main.c.obj
 .debug_info    0x00000e41      0x9ca src/CMakeFiles/stm32f407.dir/syscalls.c.obj
 .debug_info    0x0000180b      0x665 src/CMakeFiles/stm32f407.dir/system_stm32f4xx.c.obj
 .debug_info    0x00001e70       0x26 src/CMakeFiles/stm32f407.dir/tx_initialize_low_level.S.obj
 .debug_info    0x00001e96      0x326 src/LED/libledd.a(led.c.obj)
 .debug_info    0x000021bc      0x82e src/UART/libuartd.a(uart.c.obj)
 .debug_info    0x000029ea      0x8b5 lib/libstandard_libd.a(stm32f4xx_gpio.c.obj)
 .debug_info    0x0000329f     0x100b lib/libstandard_libd.a(stm32f4xx_rcc.c.obj)
 .debug_info    0x000042aa      0xc76 lib/libstandard_libd.a(stm32f4xx_usart.c.obj)
 .debug_info    0x00004f20      0x580 lib/libstandard_libd.a(misc.c.obj)
 .debug_info    0x000054a0      0x2e8 startup/libstartupd.a(startup_stm32.c.obj)

.debug_abbrev   0x00000000     0x119a
 .debug_abbrev  0x00000000      0x1ab src/CMakeFiles/stm32f407.dir/main.c.obj
 .debug_abbrev  0x000001ab      0x269 src/CMakeFiles/stm32f407.dir/syscalls.c.obj
 .debug_abbrev  0x00000414      0x18a src/CMakeFiles/stm32f407.dir/system_stm32f4xx.c.obj
 .debug_abbrev  0x0000059e       0x14 src/CMakeFiles/stm32f407.dir/tx_initialize_low_level.S.obj
 .debug_abbrev  0x000005b2      0x148 src/LED/libledd.a(led.c.obj)
 .debug_abbrev  0x000006fa      0x182 src/UART/libuartd.a(uart.c.obj)
 .debug_abbrev  0x0000087c      0x211 lib/libstandard_libd.a(stm32f4xx_gpio.c.obj)
 .debug_abbrev  0x00000a8d      0x207 lib/libstandard_libd.a(stm32f4xx_rcc.c.obj)
 .debug_abbrev  0x00000c94      0x1d0 lib/libstandard_libd.a(stm32f4xx_usart.c.obj)
 .debug_abbrev  0x00000e64      0x18a lib/libstandard_libd.a(misc.c.obj)
 .debug_abbrev  0x00000fee      0x1ac startup/libstartupd.a(startup_stm32.c.obj)

.debug_loc      0x00000000     0x1fd7
 .debug_loc     0x00000000       0x7c src/CMakeFiles/stm32f407.dir/main.c.obj
 .debug_loc     0x0000007c      0x47f src/CMakeFiles/stm32f407.dir/syscalls.c.obj
 .debug_loc     0x000004fb      0x158 src/CMakeFiles/stm32f407.dir/system_stm32f4xx.c.obj
 .debug_loc     0x00000653      0x417 lib/libstandard_libd.a(stm32f4xx_gpio.c.obj)
 .debug_loc     0x00000a6a      0xba6 lib/libstandard_libd.a(stm32f4xx_rcc.c.obj)
 .debug_loc     0x00001610      0x7ec lib/libstandard_libd.a(stm32f4xx_usart.c.obj)
 .debug_loc     0x00001dfc      0x187 lib/libstandard_libd.a(misc.c.obj)
 .debug_loc     0x00001f83       0x54 startup/libstartupd.a(startup_stm32.c.obj)

.debug_aranges  0x00000000      0x540
 .debug_aranges
                0x00000000       0x38 src/CMakeFiles/stm32f407.dir/main.c.obj
 .debug_aranges
                0x00000038       0xb8 src/CMakeFiles/stm32f407.dir/syscalls.c.obj
 .debug_aranges
                0x000000f0       0x30 src/CMakeFiles/stm32f407.dir/system_stm32f4xx.c.obj
 .debug_aranges
                0x00000120       0x20 src/CMakeFiles/stm32f407.dir/tx_initialize_low_level.S.obj
 .debug_aranges
                0x00000140       0x20 src/LED/libledd.a(led.c.obj)
 .debug_aranges
                0x00000160       0x28 src/UART/libuartd.a(uart.c.obj)
 .debug_aranges
                0x00000188       0x88 lib/libstandard_libd.a(stm32f4xx_gpio.c.obj)
 .debug_aranges
                0x00000210      0x1c0 lib/libstandard_libd.a(stm32f4xx_rcc.c.obj)
 .debug_aranges
                0x000003d0      0x100 lib/libstandard_libd.a(stm32f4xx_usart.c.obj)
 .debug_aranges
                0x000004d0       0x40 lib/libstandard_libd.a(misc.c.obj)
 .debug_aranges
                0x00000510       0x30 startup/libstartupd.a(startup_stm32.c.obj)

.debug_ranges   0x00000000      0x4b0
 .debug_ranges  0x00000000       0x28 src/CMakeFiles/stm32f407.dir/main.c.obj
 .debug_ranges  0x00000028       0xa8 src/CMakeFiles/stm32f407.dir/syscalls.c.obj
 .debug_ranges  0x000000d0       0x20 src/CMakeFiles/stm32f407.dir/system_stm32f4xx.c.obj
 .debug_ranges  0x000000f0       0x10 src/LED/libledd.a(led.c.obj)
 .debug_ranges  0x00000100       0x18 src/UART/libuartd.a(uart.c.obj)
 .debug_ranges  0x00000118       0x78 lib/libstandard_libd.a(stm32f4xx_gpio.c.obj)
 .debug_ranges  0x00000190      0x1b0 lib/libstandard_libd.a(stm32f4xx_rcc.c.obj)
 .debug_ranges  0x00000340       0xf0 lib/libstandard_libd.a(stm32f4xx_usart.c.obj)
 .debug_ranges  0x00000430       0x30 lib/libstandard_libd.a(misc.c.obj)
 .debug_ranges  0x00000460       0x50 startup/libstartupd.a(startup_stm32.c.obj)

.debug_macro    0x00000000    0x13285
 .debug_macro   0x00000000      0x3c2 src/CMakeFiles/stm32f407.dir/main.c.obj
 .debug_macro   0x000003c2      0xa84 src/CMakeFiles/stm32f407.dir/main.c.obj
 .debug_macro   0x00000e46       0x22 src/CMakeFiles/stm32f407.dir/main.c.obj
 .debug_macro   0x00000e68       0x5e src/CMakeFiles/stm32f407.dir/main.c.obj
 .debug_macro   0x00000ec6       0x18 src/CMakeFiles/stm32f407.dir/main.c.obj
 .debug_macro   0x00000ede       0x94 src/CMakeFiles/stm32f407.dir/main.c.obj
 .debug_macro   0x00000f72       0x35 src/CMakeFiles/stm32f407.dir/main.c.obj
 .debug_macro   0x00000fa7       0x34 src/CMakeFiles/stm32f407.dir/main.c.obj
 .debug_macro   0x00000fdb       0x16 src/CMakeFiles/stm32f407.dir/main.c.obj
 .debug_macro   0x00000ff1       0x57 src/CMakeFiles/stm32f407.dir/main.c.obj
 .debug_macro   0x00001048       0x97 src/CMakeFiles/stm32f407.dir/main.c.obj
 .debug_macro   0x000010df      0x341 src/CMakeFiles/stm32f407.dir/main.c.obj
 .debug_macro   0x00001420       0xfd src/CMakeFiles/stm32f407.dir/main.c.obj
 .debug_macro   0x0000151d       0x10 src/CMakeFiles/stm32f407.dir/main.c.obj
 .debug_macro   0x0000152d       0x16 src/CMakeFiles/stm32f407.dir/main.c.obj
 .debug_macro   0x00001543       0x43 src/CMakeFiles/stm32f407.dir/main.c.obj
 .debug_macro   0x00001586       0x34 src/CMakeFiles/stm32f407.dir/main.c.obj
 .debug_macro   0x000015ba       0x10 src/CMakeFiles/stm32f407.dir/main.c.obj
 .debug_macro   0x000015ca       0x58 src/CMakeFiles/stm32f407.dir/main.c.obj
 .debug_macro   0x00001622      0x182 src/CMakeFiles/stm32f407.dir/main.c.obj
 .debug_macro   0x000017a4       0x10 src/CMakeFiles/stm32f407.dir/main.c.obj
 .debug_macro   0x000017b4       0x6a src/CMakeFiles/stm32f407.dir/main.c.obj
 .debug_macro   0x0000181e       0x1c src/CMakeFiles/stm32f407.dir/main.c.obj
 .debug_macro   0x0000183a       0x52 src/CMakeFiles/stm32f407.dir/main.c.obj
 .debug_macro   0x0000188c       0x22 src/CMakeFiles/stm32f407.dir/main.c.obj
 .debug_macro   0x000018ae       0x10 src/CMakeFiles/stm32f407.dir/main.c.obj
 .debug_macro   0x000018be       0x52 src/CMakeFiles/stm32f407.dir/main.c.obj
 .debug_macro   0x00001910       0xd5 src/CMakeFiles/stm32f407.dir/main.c.obj
 .debug_macro   0x000019e5       0x1c src/CMakeFiles/stm32f407.dir/main.c.obj
 .debug_macro   0x00001a01       0x3d src/CMakeFiles/stm32f407.dir/main.c.obj
 .debug_macro   0x00001a3e       0x16 src/CMakeFiles/stm32f407.dir/main.c.obj
 .debug_macro   0x00001a54      0x16f src/CMakeFiles/stm32f407.dir/main.c.obj
 .debug_macro   0x00001bc3       0x16 src/CMakeFiles/stm32f407.dir/main.c.obj
 .debug_macro   0x00001bd9       0x35 src/CMakeFiles/stm32f407.dir/main.c.obj